Archive member included to satisfy reference by file (symbol)

c:/program files (x86)/atmel/studio/7.0/toolchain/arm/arm-gnu-toolchain/bin/../lib/gcc/arm-none-eabi/6.3.1/../../../../arm-none-eabi/lib/thumb/v7e-m\libc_nano.a(lib_a-exit.o)
                              c:/program files (x86)/atmel/studio/7.0/toolchain/arm/arm-gnu-toolchain/bin/../lib/gcc/arm-none-eabi/6.3.1/../../../../arm-none-eabi/lib/thumb/v7e-m/crt0.o (exit)
c:/program files (x86)/atmel/studio/7.0/toolchain/arm/arm-gnu-toolchain/bin/../lib/gcc/arm-none-eabi/6.3.1/../../../../arm-none-eabi/lib/thumb/v7e-m\libc_nano.a(lib_a-impure.o)
                              c:/program files (x86)/atmel/studio/7.0/toolchain/arm/arm-gnu-toolchain/bin/../lib/gcc/arm-none-eabi/6.3.1/../../../../arm-none-eabi/lib/thumb/v7e-m\libc_nano.a(lib_a-exit.o) (_global_impure_ptr)
c:/program files (x86)/atmel/studio/7.0/toolchain/arm/arm-gnu-toolchain/bin/../lib/gcc/arm-none-eabi/6.3.1/../../../../arm-none-eabi/lib/thumb/v7e-m\libc_nano.a(lib_a-init.o)
                              c:/program files (x86)/atmel/studio/7.0/toolchain/arm/arm-gnu-toolchain/bin/../lib/gcc/arm-none-eabi/6.3.1/../../../../arm-none-eabi/lib/thumb/v7e-m/crt0.o (__libc_init_array)
c:/program files (x86)/atmel/studio/7.0/toolchain/arm/arm-gnu-toolchain/bin/../lib/gcc/arm-none-eabi/6.3.1/../../../../arm-none-eabi/lib/thumb/v7e-m\libc_nano.a(lib_a-memset.o)
                              c:/program files (x86)/atmel/studio/7.0/toolchain/arm/arm-gnu-toolchain/bin/../lib/gcc/arm-none-eabi/6.3.1/../../../../arm-none-eabi/lib/thumb/v7e-m/crt0.o (memset)
c:/program files (x86)/atmel/studio/7.0/toolchain/arm/arm-gnu-toolchain/bin/../lib/gcc/arm-none-eabi/6.3.1/../../../../arm-none-eabi/lib/thumb/v7e-m\libc_nano.a(lib_a-printf.o)
                              hal/utils/src/utils_syscalls.o (printf)
c:/program files (x86)/atmel/studio/7.0/toolchain/arm/arm-gnu-toolchain/bin/../lib/gcc/arm-none-eabi/6.3.1/../../../../arm-none-eabi/lib/thumb/v7e-m\libc_nano.a(lib_a-strlen.o)
                              main.o (strlen)
c:/program files (x86)/atmel/studio/7.0/toolchain/arm/arm-gnu-toolchain/bin/../lib/gcc/arm-none-eabi/6.3.1/../../../../arm-none-eabi/lib/thumb/v7e-m\libc_nano.a(lib_a-findfp.o)
                              c:/program files (x86)/atmel/studio/7.0/toolchain/arm/arm-gnu-toolchain/bin/../lib/gcc/arm-none-eabi/6.3.1/../../../../arm-none-eabi/lib/thumb/v7e-m\libc_nano.a(lib_a-printf.o) (__sinit)
c:/program files (x86)/atmel/studio/7.0/toolchain/arm/arm-gnu-toolchain/bin/../lib/gcc/arm-none-eabi/6.3.1/../../../../arm-none-eabi/lib/thumb/v7e-m\libc_nano.a(lib_a-fwalk.o)
                              c:/program files (x86)/atmel/studio/7.0/toolchain/arm/arm-gnu-toolchain/bin/../lib/gcc/arm-none-eabi/6.3.1/../../../../arm-none-eabi/lib/thumb/v7e-m\libc_nano.a(lib_a-findfp.o) (_fwalk)
c:/program files (x86)/atmel/studio/7.0/toolchain/arm/arm-gnu-toolchain/bin/../lib/gcc/arm-none-eabi/6.3.1/../../../../arm-none-eabi/lib/thumb/v7e-m\libc_nano.a(lib_a-nano-mallocr.o)
                              c:/program files (x86)/atmel/studio/7.0/toolchain/arm/arm-gnu-toolchain/bin/../lib/gcc/arm-none-eabi/6.3.1/../../../../arm-none-eabi/lib/thumb/v7e-m\libc_nano.a(lib_a-findfp.o) (_malloc_r)
c:/program files (x86)/atmel/studio/7.0/toolchain/arm/arm-gnu-toolchain/bin/../lib/gcc/arm-none-eabi/6.3.1/../../../../arm-none-eabi/lib/thumb/v7e-m\libc_nano.a(lib_a-nano-vfprintf.o)
                              c:/program files (x86)/atmel/studio/7.0/toolchain/arm/arm-gnu-toolchain/bin/../lib/gcc/arm-none-eabi/6.3.1/../../../../arm-none-eabi/lib/thumb/v7e-m\libc_nano.a(lib_a-printf.o) (_vfprintf_r)
c:/program files (x86)/atmel/studio/7.0/toolchain/arm/arm-gnu-toolchain/bin/../lib/gcc/arm-none-eabi/6.3.1/../../../../arm-none-eabi/lib/thumb/v7e-m\libc_nano.a(lib_a-nano-vfprintf_i.o)
                              c:/program files (x86)/atmel/studio/7.0/toolchain/arm/arm-gnu-toolchain/bin/../lib/gcc/arm-none-eabi/6.3.1/../../../../arm-none-eabi/lib/thumb/v7e-m\libc_nano.a(lib_a-nano-vfprintf.o) (_printf_i)
c:/program files (x86)/atmel/studio/7.0/toolchain/arm/arm-gnu-toolchain/bin/../lib/gcc/arm-none-eabi/6.3.1/../../../../arm-none-eabi/lib/thumb/v7e-m\libc_nano.a(lib_a-sbrkr.o)
                              c:/program files (x86)/atmel/studio/7.0/toolchain/arm/arm-gnu-toolchain/bin/../lib/gcc/arm-none-eabi/6.3.1/../../../../arm-none-eabi/lib/thumb/v7e-m\libc_nano.a(lib_a-nano-mallocr.o) (_sbrk_r)
c:/program files (x86)/atmel/studio/7.0/toolchain/arm/arm-gnu-toolchain/bin/../lib/gcc/arm-none-eabi/6.3.1/../../../../arm-none-eabi/lib/thumb/v7e-m\libc_nano.a(lib_a-stdio.o)
                              c:/program files (x86)/atmel/studio/7.0/toolchain/arm/arm-gnu-toolchain/bin/../lib/gcc/arm-none-eabi/6.3.1/../../../../arm-none-eabi/lib/thumb/v7e-m\libc_nano.a(lib_a-findfp.o) (__sread)
[...]
Memory Configuration

Name             Origin             Length             Attributes
rom              0x00400000         0x00200000         xr
ram              0x20400000         0x00060000         xrw
*default*        0x00000000         0xffffffff

Linker script and memory map

LOAD c:/program files (x86)/atmel/studio/7.0/toolchain/arm/arm-gnu-toolchain/bin/../lib/gcc/arm-none-eabi/6.3.1/thumb/v7e-m/crti.o
LOAD c:/program files (x86)/atmel/studio/7.0/toolchain/arm/arm-gnu-toolchain/bin/../lib/gcc/arm-none-eabi/6.3.1/thumb/v7e-m/crtbegin.o
LOAD c:/program files (x86)/atmel/studio/7.0/toolchain/arm/arm-gnu-toolchain/bin/../lib/gcc/arm-none-eabi/6.3.1/../../../../arm-none-eabi/lib/thumb/v7e-m/crt0.o
LOAD atmel_start.o
LOAD Device_Startup/startup_samv71q21b.o
LOAD Device_Startup/system_samv71q21b.o
LOAD driver_init.o
LOAD main.o
LOAD examples/driver_examples.o
LOAD hal/src/hal_atomic.o
LOAD hal/src/hal_delay.o
LOAD hal/src/hal_gpio.o
LOAD hal/src/hal_init.o
LOAD hal/src/hal_io.o
LOAD hal/src/hal_sleep.o
LOAD hal/src/hal_usart_async.o
LOAD hal/utils/src/utils_assert.o
LOAD hal/utils/src/utils_event.o
LOAD hal/utils/src/utils_list.o
LOAD hal/utils/src/utils_ringbuffer.o
LOAD hal/utils/src/utils_syscalls.o
LOAD hpl/core/hpl_core_m7_base.o
LOAD hpl/core/hpl_init.o
LOAD hpl/pmc/hpl_pmc.o
LOAD hpl/pmc/hpl_sleep.o
LOAD hpl/systick/hpl_systick_ARMv7_base.o
LOAD hpl/usart/hpl_usart.o
LOAD hpl/xdmac/hpl_xdmac.o
START GROUP
LOAD c:/program files (x86)/atmel/studio/7.0/toolchain/arm/arm-gnu-toolchain/bin/../lib/gcc/arm-none-eabi/6.3.1/../../../../arm-none-eabi/lib/thumb/v7e-m\libm.a
END GROUP
START GROUP
LOAD c:/program files (x86)/atmel/studio/7.0/toolchain/arm/arm-gnu-toolchain/bin/../lib/gcc/arm-none-eabi/6.3.1/thumb/v7e-m\libgcc.a
LOAD c:/program files (x86)/atmel/studio/7.0/toolchain/arm/arm-gnu-toolchain/bin/../lib/gcc/arm-none-eabi/6.3.1/../../../../arm-none-eabi/lib/thumb/v7e-m\libc_nano.a
END GROUP
START GROUP
LOAD c:/program files (x86)/atmel/studio/7.0/toolchain/arm/arm-gnu-toolchain/bin/../lib/gcc/arm-none-eabi/6.3.1/thumb/v7e-m\libgcc.a
LOAD c:/program files (x86)/atmel/studio/7.0/toolchain/arm/arm-gnu-toolchain/bin/../lib/gcc/arm-none-eabi/6.3.1/../../../../arm-none-eabi/lib/thumb/v7e-m\libc_nano.a
END GROUP
LOAD c:/program files (x86)/atmel/studio/7.0/toolchain/arm/arm-gnu-toolchain/bin/../lib/gcc/arm-none-eabi/6.3.1/thumb/v7e-m/crtend.o
LOAD c:/program files (x86)/atmel/studio/7.0/toolchain/arm/arm-gnu-toolchain/bin/../lib/gcc/arm-none-eabi/6.3.1/thumb/v7e-m/crtn.o
                0x00000400                STACK_SIZE = DEFINED (STACK_SIZE)?STACK_SIZE:DEFINED (__stack_size__)?__stack_size__:0x400
                0x00000200                HEAP_SIZE = DEFINED (HEAP_SIZE)?HEAP_SIZE:DEFINED (__heap_size__)?__heap_size__:0x200

.text           0x00400000      0xf98
                0x00400000                . = ALIGN (0x4)
                0x00400000                _sfixed = .
 *(.vectors .vectors.*)
 .vectors       0x00400000      0x168 Device_Startup/startup_samv71q21b.o
                0x00400000                exception_table
 *(.text .text.* .gnu.linkonce.t.*)
 .text          0x00400168       0x6c c:/program files (x86)/atmel/studio/7.0/toolchain/arm/arm-gnu-toolchain/bin/../lib/gcc/arm-none-eabi/6.3.1/thumb/v7e-m/crtbegin.o
 .text.atmel_start_init
                0x004001d4        0xc atmel_start.o
                0x004001d4                atmel_start_init
 .text.Dummy_Handler
                0x004001e0        0x2 Device_Startup/startup_samv71q21b.o
                0x004001e0                DACC_Handler
                0x004001e0                SVCall_Handler
                0x004001e0                UART3_Handler
                0x004001e0                UART2_Handler
                0x004001e0                TRNG_Handler
                0x004001e0                HardFault_Handler
                0x004001e0                TC2_Handler
                0x004001e0                SysTick_Handler
                0x004001e0                AFEC1_Handler
                0x004001e0                PendSV_Handler
                0x004001e0                TC7_Handler
                0x004001e0                QSPI_Handler
                0x004001e0                NonMaskableInt_Handler
                0x004001e0                ISI_Handler
                0x004001e0                MCAN0_INT0_Handler
                0x004001e0                TC9_Handler
                0x004001e0                RSWDT_Handler
                0x004001e0                USART0_Handler
                0x004001e0                RTT_Handler
                0x004001e0                USBHS_Handler
                0x004001e0                IXC_Handler
                0x004001e0                CCF_Handler
                0x004001e0                PIOB_Handler
                0x004001e0                RTC_Handler
                0x004001e0                UsageFault_Handler
                0x004001e0                TC6_Handler
                0x004001e0                WDT_Handler
                0x004001e0                MCAN1_INT1_Handler
                0x004001e0                TC4_Handler
                0x004001e0                TC1_Handler
                0x004001e0                HSMCI_Handler
                0x004001e0                UART1_Handler
                0x004001e0                TC3_Handler
                0x004001e0                Dummy_Handler
                0x004001e0                TWIHS1_Handler
                0x004001e0                XDMAC_Handler
                0x004001e0                UART4_Handler
                0x004001e0                PWM1_Handler
                0x004001e0                PWM0_Handler
                0x004001e0                PIOA_Handler
                0x004001e0                AFEC0_Handler
                0x004001e0                CCW_Handler
                0x004001e0                SSC_Handler
                0x004001e0                TC11_Handler
                0x004001e0                ACC_Handler
                0x004001e0                PMC_Handler
                0x004001e0                GMAC_Handler
                0x004001e0                MCAN0_INT1_Handler
                0x004001e0                GMAC_Q5_Handler
                0x004001e0                SUPC_Handler
                0x004001e0                TC8_Handler
                0x004001e0                MCAN1_INT0_Handler
                0x004001e0                EFC_Handler
                0x004001e0                GMAC_Q1_Handler
                0x004001e0                USART2_Handler
                0x004001e0                SDRAMC_Handler
                0x004001e0                GMAC_Q2_Handler
                0x004001e0                PIOE_Handler
                0x004001e0                SPI1_Handler
                0x004001e0                TC10_Handler
                0x004001e0                GMAC_Q3_Handler
                0x004001e0                PIOD_Handler
                0x004001e0                TWIHS2_Handler
                0x004001e0                MLB_Handler
                0x004001e0                I2SC0_Handler
                0x004001e0                UART0_Handler
                0x004001e0                I2SC1_Handler
                0x004001e0                PIOC_Handler
                0x004001e0                GMAC_Q4_Handler
                0x004001e0                FPU_Handler
                0x004001e0                BusFault_Handler
                0x004001e0                RSTC_Handler
                0x004001e0                TC0_Handler
                0x004001e0                MemoryManagement_Handler
                0x004001e0                DebugMonitor_Handler
                0x004001e0                TC5_Handler
                0x004001e0                ICM_Handler
                0x004001e0                AES_Handler
                0x004001e0                TWIHS0_Handler
                0x004001e0                SPI0_Handler
 *fill*         0x004001e2        0x2 
 .text.Reset_Handler
                0x004001e4       0x68 Device_Startup/startup_samv71q21b.o
                0x004001e4                Reset_Handler
 .text.delay_driver_init
                0x0040024c       0x14 driver_init.o
                0x0040024c                delay_driver_init
 .text.EDBG_COM_CLOCK_init
                0x00400260       0x18 driver_init.o
                0x00400260                EDBG_COM_CLOCK_init
 .text.EDBG_COM_PORT_init
                0x00400278       0x4c driver_init.o
                0x00400278                EDBG_COM_PORT_init
 .text.EDBG_COM_init
                0x004002c4       0x40 driver_init.o
                0x004002c4                EDBG_COM_init
 .text.system_init
                0x00400304       0x50 driver_init.o
                0x00400304                system_init
 .text.tx_cb_EDBG_COM
                0x00400354       0x18 main.o
 .text.rx_cb_EDBG_COM
                0x0040036c        0xc main.o
 .text.err_cb_EDBG_COM
                0x00400378       0x1c main.o
 .text.put_char
                0x00400394       0x38 main.o
                0x00400394                put_char
 .text.print    0x004003cc       0x24 main.o
                0x004003cc                print
 .text.get_char
                0x004003f0       0x40 main.o
                0x004003f0                get_char
 .text.main     0x00400430      0x10c main.o
                0x00400430                main
 .text.atomic_enter_critical
                0x0040053c        0xe hal/src/hal_atomic.o
                0x0040053c                atomic_enter_critical
 .text.atomic_leave_critical
                0x0040054a        0xc hal/src/hal_atomic.o
                0x0040054a                atomic_leave_critical
 *fill*         0x00400556        0x2 
 .text.delay_init
                0x00400558       0x14 hal/src/hal_delay.o
                0x00400558                delay_init
 .text.io_write
                0x0040056c       0x30 hal/src/hal_io.o
                0x0040056c                io_write
 .text.io_read  0x0040059c       0x30 hal/src/hal_io.o
                0x0040059c                io_read
 .text.usart_transmission_complete
                0x004005cc       0x14 hal/src/hal_usart_async.o
 .text.usart_error
                0x004005e0       0x14 hal/src/hal_usart_async.o
 .text.usart_fill_rx_buffer
                0x004005f4       0x1c hal/src/hal_usart_async.o
 .text.usart_async_write
                0x00400610       0x60 hal/src/hal_usart_async.o
 .text.usart_process_byte_sent
                0x00400670       0x34 hal/src/hal_usart_async.o
 .text.usart_async_read
                0x004006a4       0x7c hal/src/hal_usart_async.o
 .text.usart_async_init
                0x00400720       0x94 hal/src/hal_usart_async.o
                0x00400720                usart_async_init
 .text.usart_async_enable
                0x004007b4       0x2c hal/src/hal_usart_async.o
                0x004007b4                usart_async_enable
 .text.usart_async_register_callback
                0x004007e0       0x74 hal/src/hal_usart_async.o
                0x004007e0                usart_async_register_callback
 .text.usart_async_get_status
                0x00400854       0x4c hal/src/hal_usart_async.o
                0x00400854                usart_async_get_status
 .text.assert   0x004008a0        0x6 hal/utils/src/utils_assert.o
                0x004008a0                assert
 *fill*         0x004008a6        0x2 
 .text.ringbuffer_init
                0x004008a8       0x44 hal/utils/src/utils_ringbuffer.o
                0x004008a8                ringbuffer_init
 .text.ringbuffer_get
                0x004008ec       0x44 hal/utils/src/utils_ringbuffer.o
                0x004008ec                ringbuffer_get
 .text.ringbuffer_put
                0x00400930       0x40 hal/utils/src/utils_ringbuffer.o
                0x00400930                ringbuffer_put
 .text.ringbuffer_num
                0x00400970       0x24 hal/utils/src/utils_ringbuffer.o
                0x00400970                ringbuffer_num
 .text._init_chip
                0x00400994       0x54 hpl/core/hpl_init.o
                0x00400994                _init_chip
 .text._pmc_init_sources
                0x004009e8       0x50 hpl/pmc/hpl_pmc.o
 .text._pmc_init_master_clock
                0x00400a38       0x4c hpl/pmc/hpl_pmc.o
 .text._pmc_init
                0x00400a84       0x14 hpl/pmc/hpl_pmc.o
                0x00400a84                _pmc_init
 .text._system_time_init
                0x00400a98       0x14 hpl/systick/hpl_systick_ARMv7_base.o
                0x00400a98                _system_time_init
 .text._delay_init
                0x00400aac        0xc hpl/systick/hpl_systick_ARMv7_base.o
                0x00400aac                _delay_init
 .text._usart_init_irq_param
                0x00400ab8       0x18 hpl/usart/hpl_usart.o
 .text._usart_get_hardware_index
                0x00400ad0       0x2c hpl/usart/hpl_usart.o
 .text._get_usart_index
                0x00400afc       0x54 hpl/usart/hpl_usart.o
 .text._usart_init
                0x00400b50       0x68 hpl/usart/hpl_usart.o
 .text._usart_get_irq_num
                0x00400bb8       0x2c hpl/usart/hpl_usart.o
 .text._usart_interrupt_handler
                0x00400be4       0xa4 hpl/usart/hpl_usart.o
 .text._usart_async_init
                0x00400c88       0xac hpl/usart/hpl_usart.o
                0x00400c88                _usart_async_init
 .text._usart_async_enable
                0x00400d34       0x34 hpl/usart/hpl_usart.o
                0x00400d34                _usart_async_enable
 .text._usart_async_write_byte
                0x00400d68       0x24 hpl/usart/hpl_usart.o
                0x00400d68                _usart_async_write_byte
 .text._usart_async_enable_byte_sent_irq
                0x00400d8c       0x24 hpl/usart/hpl_usart.o
                0x00400d8c                _usart_async_enable_byte_sent_irq
 .text._usart_async_enable_tx_done_irq
                0x00400db0       0x28 hpl/usart/hpl_usart.o
                0x00400db0                _usart_async_enable_tx_done_irq
 .text._usart_async_set_irq_state
                0x00400dd8       0x88 hpl/usart/hpl_usart.o
                0x00400dd8                _usart_async_set_irq_state
 .text._usart_get_usart_async
                0x00400e60        0x4 hpl/usart/hpl_usart.o
                0x00400e60                _usart_get_usart_async
 .text.USART1_Handler
                0x00400e64       0x14 hpl/usart/hpl_usart.o
                0x00400e64                USART1_Handler
 .text.__libc_init_array
                0x00400e78       0x48 c:/program files (x86)/atmel/studio/7.0/toolchain/arm/arm-gnu-toolchain/bin/../lib/gcc/arm-none-eabi/6.3.1/../../../../arm-none-eabi/lib/thumb/v7e-m\libc_nano.a(lib_a-init.o)
                0x00400e78                __libc_init_array
 .text          0x00400ec0       0x10 c:/program files (x86)/atmel/studio/7.0/toolchain/arm/arm-gnu-toolchain/bin/../lib/gcc/arm-none-eabi/6.3.1/../../../../arm-none-eabi/lib/thumb/v7e-m\libc_nano.a(lib_a-strlen.o)
                0x00400ec0                strlen
 *(.glue_7t)
 .glue_7t       0x00400ed0        0x0 linker stubs
 *(.glue_7)
 .glue_7        0x00400ed0        0x0 linker stubs
 *(.rodata .rodata* .gnu.linkonce.r.*)
 .rodata.str1.4
                0x00400ed0       0x28 main.o
 .rodata.str1.4
                0x00400ef8       0x14 hal/src/hal_io.o
 .rodata.str1.4
                0x00400f0c       0x1d hal/src/hal_usart_async.o
 *fill*         0x00400f29        0x3 
 .rodata.str1.4
                0x00400f2c       0x24 hal/utils/src/utils_ringbuffer.o
 .rodata        0x00400f50        0xc hpl/usart/hpl_usart.o
 .rodata.str1.4
                0x00400f5c       0x1c hpl/usart/hpl_usart.o
                                 0x19 (size before relaxing)
 *(.ARM.extab* .gnu.linkonce.armextab.*)
                0x00400f78                . = ALIGN (0x4)
 *(.init)
 .init          0x00400f78        0x4 c:/program files (x86)/atmel/studio/7.0/toolchain/arm/arm-gnu-toolchain/bin/../lib/gcc/arm-none-eabi/6.3.1/thumb/v7e-m/crti.o
                0x00400f78                _init
 .init          0x00400f7c        0x8 c:/program files (x86)/atmel/studio/7.0/toolchain/arm/arm-gnu-toolchain/bin/../lib/gcc/arm-none-eabi/6.3.1/thumb/v7e-m/crtn.o
                0x00400f84                . = ALIGN (0x4)
                0x00400f84                __preinit_array_start = .
 *(.preinit_array)
                0x00400f84                __preinit_array_end = .
                0x00400f84                . = ALIGN (0x4)
                0x00400f84                __init_array_start = .
 *(SORT(.init_array.*))
 *(.init_array)
 .init_array    0x00400f84        0x4 c:/program files (x86)/atmel/studio/7.0/toolchain/arm/arm-gnu-toolchain/bin/../lib/gcc/arm-none-eabi/6.3.1/thumb/v7e-m/crtbegin.o
                0x00400f88                __init_array_end = .
                0x00400f88                . = ALIGN (0x4)
 *crtbegin.o(.ctors)
 *(EXCLUDE_FILE(*crtend.o) .ctors)
 *(SORT(.ctors.*))
 *crtend.o(.ctors)
                0x00400f88                . = ALIGN (0x4)
 *(.fini)
 .fini          0x00400f88        0x4 c:/program files (x86)/atmel/studio/7.0/toolchain/arm/arm-gnu-toolchain/bin/../lib/gcc/arm-none-eabi/6.3.1/thumb/v7e-m/crti.o
                0x00400f88                _fini
 .fini          0x00400f8c        0x8 c:/program files (x86)/atmel/studio/7.0/toolchain/arm/arm-gnu-toolchain/bin/../lib/gcc/arm-none-eabi/6.3.1/thumb/v7e-m/crtn.o
                0x00400f94                . = ALIGN (0x4)
                0x00400f94                __fini_array_start = .
 *(.fini_array)
 .fini_array    0x00400f94        0x4 c:/program files (x86)/atmel/studio/7.0/toolchain/arm/arm-gnu-toolchain/bin/../lib/gcc/arm-none-eabi/6.3.1/thumb/v7e-m/crtbegin.o
 *(SORT(.fini_array.*))
                0x00400f98                __fini_array_end = .
 *crtbegin.o(.dtors)
 *(EXCLUDE_FILE(*crtend.o) .dtors)
 *(SORT(.dtors.*))
 *crtend.o(.dtors)
                0x00400f98                . = ALIGN (0x4)
                0x00400f98                _efixed = .
                [!provide]                PROVIDE (__exidx_start, .)

.vfp11_veneer   0x00400f98        0x0
 .vfp11_veneer  0x00400f98        0x0 linker stubs

.v4_bx          0x00400f98        0x0
 .v4_bx         0x00400f98        0x0 linker stubs

.iplt           0x00400f98        0x0
 .iplt          0x00400f98        0x0 c:/program files (x86)/atmel/studio/7.0/toolchain/arm/arm-gnu-toolchain/bin/../lib/gcc/arm-none-eabi/6.3.1/thumb/v7e-m/crtbegin.o

.eh_frame       0x00400f98        0x0
 .eh_frame      0x00400f98        0x0 c:/program files (x86)/atmel/studio/7.0/toolchain/arm/arm-gnu-toolchain/bin/../lib/gcc/arm-none-eabi/6.3.1/thumb/v7e-m/crtbegin.o

.rel.dyn        0x00400f98        0x0
 .rel.iplt      0x00400f98        0x0 c:/program files (x86)/atmel/studio/7.0/toolchain/arm/arm-gnu-toolchain/bin/../lib/gcc/arm-none-eabi/6.3.1/thumb/v7e-m/crtbegin.o

.jcr            0x00400f98        0x0
 .jcr           0x00400f98        0x0 c:/program files (x86)/atmel/studio/7.0/toolchain/arm/arm-gnu-toolchain/bin/../lib/gcc/arm-none-eabi/6.3.1/thumb/v7e-m/crtbegin.o

.igot.plt       0x00400f98        0x0
 .igot.plt      0x00400f98        0x0 c:/program files (x86)/atmel/studio/7.0/toolchain/arm/arm-gnu-toolchain/bin/../lib/gcc/arm-none-eabi/6.3.1/thumb/v7e-m/crtbegin.o

.ARM.exidx
 *(.ARM.exidx* .gnu.linkonce.armexidx.*)
                [!provide]                PROVIDE (__exidx_end, .)
                0x00400f98                . = ALIGN (0x4)
                0x00400f98                _etext = .

.relocate       0x20400000       0x10 load address 0x00400f98
                0x20400000                . = ALIGN (0x4)
                0x20400000                _srelocate = .
 *(.ramfunc .ramfunc.*)
 *(.data .data.*)
 .data          0x20400000        0xd main.o
                0x20400010                . = ALIGN (0x4)
 *fill*         0x2040000d        0x3 
                0x20400010                _erelocate = .

.bss            0x20400010       0x88 load address 0x00400fa8
                0x20400010                . = ALIGN (0x4)
                0x20400010                _sbss = .
                0x20400010                _szero = .
 *(.bss .bss.*)
 .bss           0x20400010       0x1c c:/program files (x86)/atmel/studio/7.0/toolchain/arm/arm-gnu-toolchain/bin/../lib/gcc/arm-none-eabi/6.3.1/thumb/v7e-m/crtbegin.o
 .bss           0x2040002c       0x10 driver_init.o
 .bss           0x2040003c        0x4 main.o
 .bss           0x20400040        0x4 hal/src/hal_delay.o
 .bss           0x20400044        0x4 hpl/usart/hpl_usart.o
 *(COMMON)
 COMMON         0x20400048       0x50 driver_init.o
                0x20400048                EDBG_COM
                0x20400098                . = ALIGN (0x4)
                0x20400098                _ebss = .
                0x20400098                _ezero = .

.heap           0x20400098      0x200 load address 0x00401030
                0x20400098                . = ALIGN (0x8)
                0x20400098                _sheap = .
                0x20400298                . = (. + HEAP_SIZE)
 *fill*         0x20400098      0x200 
                0x20400298                . = ALIGN (0x8)
                0x20400298                _eheap = .

.stack          0x20400298      0x400 load address 0x00401230
                0x20400298                . = ALIGN (0x8)
                0x20400298                _sstack = .
                0x20400698                . = (. + STACK_SIZE)
 *fill*         0x20400298      0x400 
                0x20400698                . = ALIGN (0x8)
                0x20400698                _estack = .
                0x20400698                . = ALIGN (0x4)
                0x20400698                _end = .
                0x2045ffff                _ram_end_ = ((ORIGIN (ram) + LENGTH (ram)) - 0x1)
OUTPUT(ex3_output_and_input_pulse.elf elf32-littlearm)

.ARM.attributes
                0x00000000       0x2e
 .ARM.attributes
                0x00000000       0x1e c:/program files (x86)/atmel/studio/7.0/toolchain/arm/arm-gnu-toolchain/bin/../lib/gcc/arm-none-eabi/6.3.1/thumb/v7e-m/crti.o
 .ARM.attributes
                0x0000001e       0x2e c:/program files (x86)/atmel/studio/7.0/toolchain/arm/arm-gnu-toolchain/bin/../lib/gcc/arm-none-eabi/6.3.1/thumb/v7e-m/crtbegin.o
 .ARM.attributes
                0x0000004c       0x37 atmel_start.o
 .ARM.attributes
                0x00000083       0x37 Device_Startup/startup_samv71q21b.o
 .ARM.attributes
                0x000000ba       0x37 driver_init.o
 .ARM.attributes
                0x000000f1       0x37 main.o
 .ARM.attributes
                0x00000128       0x37 hal/src/hal_atomic.o
 .ARM.attributes
                0x0000015f       0x37 hal/src/hal_delay.o
 .ARM.attributes
                0x00000196       0x37 hal/src/hal_io.o
 .ARM.attributes
                0x000001cd       0x37 hal/src/hal_usart_async.o
 .ARM.attributes
                0x00000204       0x37 hal/utils/src/utils_assert.o
 .ARM.attributes
                0x0000023b       0x37 hal/utils/src/utils_ringbuffer.o
 .ARM.attributes
                0x00000272       0x37 hpl/core/hpl_init.o
 .ARM.attributes
                0x000002a9       0x37 hpl/pmc/hpl_pmc.o
 .ARM.attributes
                0x000002e0       0x37 hpl/systick/hpl_systick_ARMv7_base.o
 .ARM.attributes
                0x00000317       0x37 hpl/usart/hpl_usart.o
 .ARM.attributes
                0x0000034e       0x2e c:/program files (x86)/atmel/studio/7.0/toolchain/arm/arm-gnu-toolchain/bin/../lib/gcc/arm-none-eabi/6.3.1/../../../../arm-none-eabi/lib/thumb/v7e-m\libc_nano.a(lib_a-init.o)
 .ARM.attributes
                0x0000037c       0x17 c:/program files (x86)/atmel/studio/7.0/toolchain/arm/arm-gnu-toolchain/bin/../lib/gcc/arm-none-eabi/6.3.1/../../../../arm-none-eabi/lib/thumb/v7e-m\libc_nano.a(lib_a-strlen.o)
 .ARM.attributes
                0x00000393       0x1e c:/program files (x86)/atmel/studio/7.0/toolchain/arm/arm-gnu-toolchain/bin/../lib/gcc/arm-none-eabi/6.3.1/thumb/v7e-m/crtn.o

.comment        0x00000000       0x59
 .comment       0x00000000       0x59 atmel_start.o
                                 0x5a (size before relaxing)
 .comment       0x00000059       0x5a Device_Startup/startup_samv71q21b.o
 .comment       0x00000059       0x5a driver_init.o
 .comment       0x00000059       0x5a main.o
 .comment       0x00000059       0x5a hal/src/hal_atomic.o
 .comment       0x00000059       0x5a hal/src/hal_delay.o
 .comment       0x00000059       0x5a hal/src/hal_io.o
 .comment       0x00000059       0x5a hal/src/hal_usart_async.o
 .comment       0x00000059       0x5a hal/utils/src/utils_assert.o
 .comment       0x00000059       0x5a hal/utils/src/utils_ringbuffer.o
 .comment       0x00000059       0x5a hpl/core/hpl_init.o
 .comment       0x00000059       0x5a hpl/pmc/hpl_pmc.o
 .comment       0x00000059       0x5a hpl/systick/hpl_systick_ARMv7_base.o
 .comment       0x00000059       0x5a hpl/usart/hpl_usart.o

.debug_info     0x00000000     0xaf31
 .debug_info    0x00000000      0x3e6 atmel_start.o
 .debug_info    0x000003e6      0xb34 Device_Startup/startup_samv71q21b.o
 .debug_info    0x00000f1a     0x1b29 driver_init.o
 .debug_info    0x00002a43     0x1e2f main.o
 .debug_info    0x00004872      0x1fa hal/src/hal_atomic.o
 .debug_info    0x00004a6c      0x205 hal/src/hal_delay.o
 .debug_info    0x00004c71      0x311 hal/src/hal_io.o
 .debug_info    0x00004f82     0x1393 hal/src/hal_usart_async.o
 .debug_info    0x00006315      0x130 hal/utils/src/utils_assert.o
 .debug_info    0x00006445      0x342 hal/utils/src/utils_ringbuffer.o
 .debug_info    0x00006787      0x6be hpl/core/hpl_init.o
 .debug_info    0x00006e45      0x894 hpl/pmc/hpl_pmc.o
 .debug_info    0x000076d9      0x289 hpl/systick/hpl_systick_ARMv7_base.o
 .debug_info    0x00007962     0x35cf hpl/usart/hpl_usart.o

.debug_abbrev   0x00000000     0x1a69
 .debug_abbrev  0x00000000       0xfb atmel_start.o
 .debug_abbrev  0x000000fb      0x153 Device_Startup/startup_samv71q21b.o
 .debug_abbrev  0x0000024e      0x2f0 driver_init.o
 .debug_abbrev  0x0000053e      0x3e7 main.o
 .debug_abbrev  0x00000925      0x155 hal/src/hal_atomic.o
 .debug_abbrev  0x00000a7a       0xf9 hal/src/hal_delay.o
 .debug_abbrev  0x00000b73      0x12d hal/src/hal_io.o
 .debug_abbrev  0x00000ca0      0x2a1 hal/src/hal_usart_async.o
 .debug_abbrev  0x00000f41       0x9e hal/utils/src/utils_assert.o
 .debug_abbrev  0x00000fdf      0x10c hal/utils/src/utils_ringbuffer.o
 .debug_abbrev  0x000010eb      0x1e7 hpl/core/hpl_init.o
 .debug_abbrev  0x000012d2      0x1b7 hpl/pmc/hpl_pmc.o
 .debug_abbrev  0x00001489      0x174 hpl/systick/hpl_systick_ARMv7_base.o
 .debug_abbrev  0x000015fd      0x46c hpl/usart/hpl_usart.o

.debug_loc      0x00000000     0x3f86
 .debug_loc     0x00000000       0x20 atmel_start.o
 .debug_loc     0x00000020       0x78 Device_Startup/startup_samv71q21b.o
 .debug_loc     0x00000098      0x2ca driver_init.o
 .debug_loc     0x00000362      0x54b main.o
 .debug_loc     0x000008ad       0x13 hal/src/hal_atomic.o
 .debug_loc     0x000008c0       0xc3 hal/src/hal_delay.o
 .debug_loc     0x00000983      0x132 hal/src/hal_io.o
 .debug_loc     0x00000ab5      0xd9a hal/src/hal_usart_async.o
 .debug_loc     0x0000184f      0x278 hal/utils/src/utils_ringbuffer.o
 .debug_loc     0x00001ac7       0x77 hpl/core/hpl_init.o
 .debug_loc     0x00001b3e      0x204 hpl/pmc/hpl_pmc.o
 .debug_loc     0x00001d42      0x127 hpl/systick/hpl_systick_ARMv7_base.o
 .debug_loc     0x00001e69     0x211d hpl/usart/hpl_usart.o

.debug_aranges  0x00000000      0x540
 .debug_aranges
                0x00000000       0x20 atmel_start.o
 .debug_aranges
                0x00000020       0x28 Device_Startup/startup_samv71q21b.o
 .debug_aranges
                0x00000048       0x40 driver_init.o
 .debug_aranges
                0x00000088       0x68 main.o
 .debug_aranges
                0x000000f0       0x30 hal/src/hal_atomic.o
 .debug_aranges
                0x00000120       0x38 hal/src/hal_delay.o
 .debug_aranges
                0x00000158       0x30 hal/src/hal_io.o
 .debug_aranges
                0x00000188       0xe0 hal/src/hal_usart_async.o
 .debug_aranges
                0x00000268       0x20 hal/utils/src/utils_assert.o
 .debug_aranges
                0x00000288       0x40 hal/utils/src/utils_ringbuffer.o
 .debug_aranges
                0x000002c8       0x20 hpl/core/hpl_init.o
 .debug_aranges
                0x000002e8       0x30 hpl/pmc/hpl_pmc.o
 .debug_aranges
                0x00000318       0x48 hpl/systick/hpl_systick_ARMv7_base.o
 .debug_aranges
                0x00000360      0x1e0 hpl/usart/hpl_usart.o

.debug_ranges   0x00000000      0x460
 .debug_ranges  0x00000000       0x10 atmel_start.o
 .debug_ranges  0x00000010       0x18 Device_Startup/startup_samv71q21b.o
 .debug_ranges  0x00000028       0x30 driver_init.o
 .debug_ranges  0x00000058       0x58 main.o
 .debug_ranges  0x000000b0       0x20 hal/src/hal_atomic.o
 .debug_ranges  0x000000d0       0x28 hal/src/hal_delay.o
 .debug_ranges  0x000000f8       0x20 hal/src/hal_io.o
 .debug_ranges  0x00000118       0xd0 hal/src/hal_usart_async.o
 .debug_ranges  0x000001e8       0x10 hal/utils/src/utils_assert.o
 .debug_ranges  0x000001f8       0x30 hal/utils/src/utils_ringbuffer.o
 .debug_ranges  0x00000228       0x10 hpl/core/hpl_init.o
 .debug_ranges  0x00000238       0x20 hpl/pmc/hpl_pmc.o
 .debug_ranges  0x00000258       0x38 hpl/systick/hpl_systick_ARMv7_base.o
 .debug_ranges  0x00000290      0x1d0 hpl/usart/hpl_usart.o

.debug_macro    0x00000000    0x3b8f8
 .debug_macro   0x00000000      0x758 atmel_start.o
 .debug_macro   0x00000758      0x8b0 atmel_start.o
 .debug_macro   0x00001008      0x16d atmel_start.o
 .debug_macro   0x00001175       0x22 atmel_start.o
 .debug_macro   0x00001197       0x87 atmel_start.o
 .debug_macro   0x0000121e       0x51 atmel_start.o
 .debug_macro   0x0000126f       0xef atmel_start.o
 .debug_macro   0x0000135e       0x6a atmel_start.o
 .debug_macro   0x000013c8      0x1df atmel_start.o
 .debug_macro   0x000015a7       0x22 atmel_start.o
 .debug_macro   0x000015c9       0xd7 atmel_start.o
 .debug_macro   0x000016a0       0x1c atmel_start.o
 .debug_macro   0x000016bc       0x22 atmel_start.o
 .debug_macro   0x000016de       0xdf atmel_start.o
 .debug_macro   0x000017bd     0x12cd atmel_start.o
 .debug_macro   0x00002a8a      0x11f atmel_start.o
 .debug_macro   0x00002ba9       0x19 atmel_start.o
 .debug_macro   0x00002bc2      0x3e2 atmel_start.o
 .debug_macro   0x00002fa4      0x5a9 atmel_start.o
 .debug_macro   0x0000354d     0x1797 atmel_start.o
 .debug_macro   0x00004ce4      0x3bb atmel_start.o
 .debug_macro   0x0000509f      0x830 atmel_start.o
 .debug_macro   0x000058cf      0x316 atmel_start.o
 .debug_macro   0x00005be5     0x269d atmel_start.o
 .debug_macro   0x00008282       0x40 atmel_start.o
 .debug_macro   0x000082c2     0x105e atmel_start.o
 .debug_macro   0x00009320      0x60b atmel_start.o
 .debug_macro   0x0000992b      0x555 atmel_start.o
 .debug_macro   0x00009e80      0xb8f atmel_start.o
 .debug_macro   0x0000aa0f      0x62e atmel_start.o
 .debug_macro   0x0000b03d     0x3ac9 atmel_start.o
 .debug_macro   0x0000eb06      0x6bf atmel_start.o
 .debug_macro   0x0000f1c5     0x83ff atmel_start.o
 .debug_macro   0x000175c4     0x326e atmel_start.o
 .debug_macro   0x0001a832     0x24d0 atmel_start.o
 .debug_macro   0x0001cd02      0x87f atmel_start.o
 .debug_macro   0x0001d581      0x17d atmel_start.o
 .debug_macro   0x0001d6fe      0x118 atmel_start.o
 .debug_macro   0x0001d816      0x909 atmel_start.o
 .debug_macro   0x0001e11f      0x125 atmel_start.o
 .debug_macro   0x0001e244      0x503 atmel_start.o
 .debug_macro   0x0001e747      0x3e0 atmel_start.o
 .debug_macro   0x0001eb27      0x709 atmel_start.o
 .debug_macro   0x0001f230      0xb64 atmel_start.o
 .debug_macro   0x0001fd94      0xf03 atmel_start.o
 .debug_macro   0x00020c97      0xff2 atmel_start.o
 .debug_macro   0x00021c89      0x1a8 atmel_start.o
 .debug_macro   0x00021e31      0x124 atmel_start.o
 .debug_macro   0x00021f55      0xbc2 atmel_start.o
 .debug_macro   0x00022b17      0x5c5 atmel_start.o
 .debug_macro   0x000230dc     0x1afb atmel_start.o
 .debug_macro   0x00024bd7      0x664 atmel_start.o
 .debug_macro   0x0002523b     0x41a7 atmel_start.o
 .debug_macro   0x000293e2      0x64f atmel_start.o
 .debug_macro   0x00029a31       0xc4 atmel_start.o
 .debug_macro   0x00029af5      0x12d atmel_start.o
 .debug_macro   0x00029c22     0x2a5f atmel_start.o
 .debug_macro   0x0002c681       0x7c atmel_start.o
 .debug_macro   0x0002c6fd      0x14e atmel_start.o
 .debug_macro   0x0002c84b       0xf4 atmel_start.o
 .debug_macro   0x0002c93f       0xf4 atmel_start.o
 .debug_macro   0x0002ca33       0x16 atmel_start.o
 .debug_macro   0x0002ca49       0x7c atmel_start.o
 .debug_macro   0x0002cac5       0x40 atmel_start.o
 .debug_macro   0x0002cb05      0x623 atmel_start.o
 .debug_macro   0x0002d128       0x40 atmel_start.o
 .debug_macro   0x0002d168      0x7ce atmel_start.o
 .debug_macro   0x0002d936       0x6a atmel_start.o
 .debug_macro   0x0002d9a0       0x6a atmel_start.o
 .debug_macro   0x0002da0a       0x88 atmel_start.o
 .debug_macro   0x0002da92       0xac atmel_start.o
 .debug_macro   0x0002db3e      0x142 atmel_start.o
 .debug_macro   0x0002dc80      0x138 atmel_start.o
 .debug_macro   0x0002ddb8      0x138 atmel_start.o
 .debug_macro   0x0002def0       0xee atmel_start.o
 .debug_macro   0x0002dfde      0x187 atmel_start.o
 .debug_macro   0x0002e165      0x180 atmel_start.o
 .debug_macro   0x0002e2e5      0x180 atmel_start.o
 .debug_macro   0x0002e465      0x180 atmel_start.o
 .debug_macro   0x0002e5e5      0x180 atmel_start.o
 .debug_macro   0x0002e765      0x121 atmel_start.o
 .debug_macro   0x0002e886      0x352 atmel_start.o
 .debug_macro   0x0002ebd8      0x352 atmel_start.o
 .debug_macro   0x0002ef2a       0x82 atmel_start.o
 .debug_macro   0x0002efac       0x22 atmel_start.o
 .debug_macro   0x0002efce       0x22 atmel_start.o
 .debug_macro   0x0002eff0       0x58 atmel_start.o
 .debug_macro   0x0002f048       0x28 atmel_start.o
 .debug_macro   0x0002f070       0x64 atmel_start.o
 .debug_macro   0x0002f0d4       0x94 atmel_start.o
 .debug_macro   0x0002f168       0x7c atmel_start.o
 .debug_macro   0x0002f1e4       0x7c atmel_start.o
 .debug_macro   0x0002f260       0x8e atmel_start.o
 .debug_macro   0x0002f2ee       0x34 atmel_start.o
 .debug_macro   0x0002f322      0x1a8 atmel_start.o
 .debug_macro   0x0002f4ca      0x1a8 atmel_start.o
 .debug_macro   0x0002f672      0x1a8 atmel_start.o
 .debug_macro   0x0002f81a      0x1a8 atmel_start.o
 .debug_macro   0x0002f9c2       0x3a atmel_start.o
 .debug_macro   0x0002f9fc       0x82 atmel_start.o
 .debug_macro   0x0002fa7e       0x82 atmel_start.o
 .debug_macro   0x0002fb00       0x82 atmel_start.o
 .debug_macro   0x0002fb82       0x70 atmel_start.o
 .debug_macro   0x0002fbf2       0x70 atmel_start.o
 .debug_macro   0x0002fc62       0x70 atmel_start.o
 .debug_macro   0x0002fcd2       0x70 atmel_start.o
 .debug_macro   0x0002fd42       0x70 atmel_start.o
 .debug_macro   0x0002fdb2       0xf4 atmel_start.o
 .debug_macro   0x0002fea6       0xf4 atmel_start.o
 .debug_macro   0x0002ff9a       0xf4 atmel_start.o
 .debug_macro   0x0003008e      0x71f atmel_start.o
 .debug_macro   0x000307ad       0x16 atmel_start.o
 .debug_macro   0x000307c3       0x22 atmel_start.o
 .debug_macro   0x000307e5      0x9bf atmel_start.o
 .debug_macro   0x000311a4      0x59f atmel_start.o
 .debug_macro   0x00031743     0x2879 atmel_start.o
 .debug_macro   0x00033fbc      0x169 atmel_start.o
 .debug_macro   0x00034125       0x10 atmel_start.o
 .debug_macro   0x00034135       0x10 atmel_start.o
 .debug_macro   0x00034145       0x16 atmel_start.o
 .debug_macro   0x0003415b       0x16 atmel_start.o
 .debug_macro   0x00034171       0x16 atmel_start.o
 .debug_macro   0x00034187       0x16 atmel_start.o
 .debug_macro   0x0003419d       0x16 atmel_start.o
 .debug_macro   0x000341b3       0x16 atmel_start.o
 .debug_macro   0x000341c9       0x16 atmel_start.o
 .debug_macro   0x000341df       0x16 atmel_start.o
 .debug_macro   0x000341f5       0x16 atmel_start.o
 .debug_macro   0x0003420b       0x16 atmel_start.o
 .debug_macro   0x00034221       0x16 atmel_start.o
 .debug_macro   0x00034237       0x16 atmel_start.o
 .debug_macro   0x0003424d       0x16 atmel_start.o
 .debug_macro   0x00034263       0x16 atmel_start.o
 .debug_macro   0x00034279       0x16 atmel_start.o
 .debug_macro   0x0003428f       0x16 atmel_start.o
 .debug_macro   0x000342a5       0x16 atmel_start.o
 .debug_macro   0x000342bb       0x16 atmel_start.o
 .debug_macro   0x000342d1       0x16 atmel_start.o
 .debug_macro   0x000342e7       0x16 atmel_start.o
 .debug_macro   0x000342fd       0x16 atmel_start.o
 .debug_macro   0x00034313       0x16 atmel_start.o
 .debug_macro   0x00034329       0x16 atmel_start.o
 .debug_macro   0x0003433f       0x16 atmel_start.o
 .debug_macro   0x00034355       0x16 atmel_start.o
 .debug_macro   0x0003436b       0x16 atmel_start.o
 .debug_macro   0x00034381       0x16 atmel_start.o
 .debug_macro   0x00034397      0x27e atmel_start.o
 .debug_macro   0x00034615       0x16 atmel_start.o
 .debug_macro   0x0003462b       0x16 atmel_start.o
 .debug_macro   0x00034641       0x16 atmel_start.o
 .debug_macro   0x00034657      0x373 atmel_start.o
 .debug_macro   0x000349ca       0xa9 atmel_start.o
 .debug_macro   0x00034a73       0x16 atmel_start.o
 .debug_macro   0x00034a89       0x16 atmel_start.o
 .debug_macro   0x00034a9f       0x16 atmel_start.o
 .debug_macro   0x00034ab5       0xca atmel_start.o
 .debug_macro   0x00034b7f       0x1c atmel_start.o
 .debug_macro   0x00034b9b       0x16 atmel_start.o
 .debug_macro   0x00034bb1       0x2e atmel_start.o
 .debug_macro   0x00034bdf      0x49c Device_Startup/startup_samv71q21b.o
 .debug_macro   0x0003507b       0xd1 Device_Startup/startup_samv71q21b.o
 .debug_macro   0x0003514c      0x78b driver_init.o
 .debug_macro   0x000358d7       0x10 driver_init.o
 .debug_macro   0x000358e7       0x40 driver_init.o
 .debug_macro   0x00035927       0xc9 driver_init.o
 .debug_macro   0x000359f0      0x827 main.o
 .debug_macro   0x00036217       0x58 main.o
 .debug_macro   0x0003626f       0x35 main.o
 .debug_macro   0x000362a4       0x9c main.o
 .debug_macro   0x00036340       0x58 main.o
 .debug_macro   0x00036398       0x1f main.o
 .debug_macro   0x000363b7       0x43 main.o
 .debug_macro   0x000363fa       0x20 main.o
 .debug_macro   0x0003641a      0x187 main.o
 .debug_macro   0x000365a1      0x34d main.o
 .debug_macro   0x000368ee       0x10 main.o
 .debug_macro   0x000368fe       0x35 main.o
 .debug_macro   0x00036933      0x669 hal/src/hal_atomic.o
 .debug_macro   0x00036f9c      0x6a0 hal/src/hal_delay.o
 .debug_macro   0x0003763c      0x67e hal/src/hal_io.o
 .debug_macro   0x00037cba      0x6cd hal/src/hal_usart_async.o
 .debug_macro   0x00038387      0x673 hal/utils/src/utils_assert.o
 .debug_macro   0x000389fa       0x10 hal/utils/src/utils_assert.o
 .debug_macro   0x00038a0a      0x678 hal/utils/src/utils_ringbuffer.o
 .debug_macro   0x00039082      0x6e1 hpl/core/hpl_init.o
 .debug_macro   0x00039763      0x324 hpl/core/hpl_init.o
 .debug_macro   0x00039a87      0x9df hpl/core/hpl_init.o
 .debug_macro   0x0003a466      0x692 hpl/pmc/hpl_pmc.o
 .debug_macro   0x0003aaf8      0x678 hpl/systick/hpl_systick_ARMv7_base.o
 .debug_macro   0x0003b170       0x10 hpl/systick/hpl_systick_ARMv7_base.o
 .debug_macro   0x0003b180      0x6d9 hpl/usart/hpl_usart.o
 .debug_macro   0x0003b859       0x9f hpl/usart/hpl_usart.o

.debug_line     0x00000000     0xbd3e
 .debug_line    0x00000000      0xd78 atmel_start.o
 .debug_line    0x00000d78      0x900 Device_Startup/startup_samv71q21b.o
 .debug_line    0x00001678      0xe7e driver_init.o
 .debug_line    0x000024f6      0xf30 main.o
 .debug_line    0x00003426      0xc78 hal/src/hal_atomic.o
 .debug_line    0x0000409e      0xcac hal/src/hal_delay.o
 .debug_line    0x00004d4a      0xc70 hal/src/hal_io.o
 .debug_line    0x000059ba      0xf14 hal/src/hal_usart_async.o
 .debug_line    0x000068ce      0xc4d hal/utils/src/utils_assert.o
 .debug_line    0x0000751b      0xcd6 hal/utils/src/utils_ringbuffer.o
 .debug_line    0x000081f1      0xd33 hpl/core/hpl_init.o
 .debug_line    0x00008f24      0xd3e hpl/pmc/hpl_pmc.o
 .debug_line    0x00009c62      0xce7 hpl/systick/hpl_systick_ARMv7_base.o
 .debug_line    0x0000a949     0x13f5 hpl/usart/hpl_usart.o

.debug_str      0x00000000   0x1439b5
 .debug_str     0x00000000   0x13a253 atmel_start.o
                             0x13ac07 (size before relaxing)
 .debug_str     0x0013a253      0x78d Device_Startup/startup_samv71q21b.o
                             0x1353d8 (size before relaxing)
 .debug_str     0x0013a9e0      0xfab driver_init.o
                             0x13bbfc (size before relaxing)
 .debug_str     0x0013b98b     0x2ebb main.o
                             0x13df10 (size before relaxing)
 .debug_str     0x0013e846       0xb7 hal/src/hal_atomic.o
                             0x13a790 (size before relaxing)
 .debug_str     0x0013e8fd       0x9b hal/src/hal_delay.o
                             0x13a7fa (size before relaxing)
 .debug_str     0x0013e998       0x2a hal/src/hal_io.o
                             0x13a82b (size before relaxing)
 .debug_str     0x0013e9c2      0x644 hal/src/hal_usart_async.o
                             0x13b695 (size before relaxing)
 .debug_str     0x0013f006       0x2a hal/utils/src/utils_assert.o
                             0x13a7a0 (size before relaxing)
 .debug_str     0x0013f030       0x24 hal/utils/src/utils_ringbuffer.o
                             0x13a834 (size before relaxing)
 .debug_str     0x0013f054     0x3091 hpl/core/hpl_init.o
                             0x13dbb9 (size before relaxing)
 .debug_str     0x001420e5      0x1d6 hpl/pmc/hpl_pmc.o
                             0x13b7e9 (size before relaxing)
 .debug_str     0x001422bb       0xde hpl/systick/hpl_systick_ARMv7_base.o
                             0x13a7f9 (size before relaxing)
 .debug_str     0x00142399     0x161c hpl/usart/hpl_usart.o
                             0x13ca9e (size before relaxing)

.debug_frame    0x00000000      0xd34
 .debug_frame   0x00000000       0x28 atmel_start.o
 .debug_frame   0x00000028       0x38 Device_Startup/startup_samv71q21b.o
 .debug_frame   0x00000060       0x80 driver_init.o
 .debug_frame   0x000000e0      0x108 main.o
 .debug_frame   0x000001e8       0x40 hal/src/hal_atomic.o
 .debug_frame   0x00000228       0x68 hal/src/hal_delay.o
 .debug_frame   0x00000290       0x58 hal/src/hal_io.o
 .debug_frame   0x000002e8      0x2ac hal/src/hal_usart_async.o
 .debug_frame   0x00000594       0x20 hal/utils/src/utils_assert.o
 .debug_frame   0x000005b4       0x94 hal/utils/src/utils_ringbuffer.o
 .debug_frame   0x00000648       0x2c hpl/core/hpl_init.o
 .debug_frame   0x00000674       0x48 hpl/pmc/hpl_pmc.o
 .debug_frame   0x000006bc       0x78 hpl/systick/hpl_systick_ARMv7_base.o
 .debug_frame   0x00000734      0x5d4 hpl/usart/hpl_usart.o
 .debug_frame   0x00000d08       0x2c c:/program files (x86)/atmel/studio/7.0/toolchain/arm/arm-gnu-toolchain/bin/../lib/gcc/arm-none-eabi/6.3.1/../../../../arm-none-eabi/lib/thumb/v7e-m\libc_nano.a(lib_a-init.o)
