Archive member included to satisfy reference by file (symbol)

c:/program files (x86)/atmel/studio/7.0/toolchain/arm/arm-gnu-toolchain/bin/../lib/gcc/arm-none-eabi/6.3.1/../../../../arm-none-eabi/lib/thumb/v7e-m\libc_nano.a(lib_a-exit.o)
                              c:/program files (x86)/atmel/studio/7.0/toolchain/arm/arm-gnu-toolchain/bin/../lib/gcc/arm-none-eabi/6.3.1/../../../../arm-none-eabi/lib/thumb/v7e-m/crt0.o (exit)
c:/program files (x86)/atmel/studio/7.0/toolchain/arm/arm-gnu-toolchain/bin/../lib/gcc/arm-none-eabi/6.3.1/../../../../arm-none-eabi/lib/thumb/v7e-m\libc_nano.a(lib_a-impure.o)
                              c:/program files (x86)/atmel/studio/7.0/toolchain/arm/arm-gnu-toolchain/bin/../lib/gcc/arm-none-eabi/6.3.1/../../../../arm-none-eabi/lib/thumb/v7e-m\libc_nano.a(lib_a-exit.o) (_global_impure_ptr)
c:/program files (x86)/atmel/studio/7.0/toolchain/arm/arm-gnu-toolchain/bin/../lib/gcc/arm-none-eabi/6.3.1/../../../../arm-none-eabi/lib/thumb/v7e-m\libc_nano.a(lib_a-init.o)
                              c:/program files (x86)/atmel/studio/7.0/toolchain/arm/arm-gnu-toolchain/bin/../lib/gcc/arm-none-eabi/6.3.1/../../../../arm-none-eabi/lib/thumb/v7e-m/crt0.o (__libc_init_array)
c:/program files (x86)/atmel/studio/7.0/toolchain/arm/arm-gnu-toolchain/bin/../lib/gcc/arm-none-eabi/6.3.1/../../../../arm-none-eabi/lib/thumb/v7e-m\libc_nano.a(lib_a-memset.o)
                              c:/program files (x86)/atmel/studio/7.0/toolchain/arm/arm-gnu-toolchain/bin/../lib/gcc/arm-none-eabi/6.3.1/../../../../arm-none-eabi/lib/thumb/v7e-m/crt0.o (memset)
c:/program files (x86)/atmel/studio/7.0/toolchain/arm/arm-gnu-toolchain/bin/../lib/gcc/arm-none-eabi/6.3.1/../../../../arm-none-eabi/lib/thumb/v7e-m\libc_nano.a(lib_a-printf.o)
                              hal/utils/src/utils_syscalls.o (printf)
c:/program files (x86)/atmel/studio/7.0/toolchain/arm/arm-gnu-toolchain/bin/../lib/gcc/arm-none-eabi/6.3.1/../../../../arm-none-eabi/lib/thumb/v7e-m\libc_nano.a(lib_a-strlen.o)
                              main.o (strlen)
c:/program files (x86)/atmel/studio/7.0/toolchain/arm/arm-gnu-toolchain/bin/../lib/gcc/arm-none-eabi/6.3.1/../../../../arm-none-eabi/lib/thumb/v7e-m\libc_nano.a(lib_a-findfp.o)
                              c:/program files (x86)/atmel/studio/7.0/toolchain/arm/arm-gnu-toolchain/bin/../lib/gcc/arm-none-eabi/6.3.1/../../../../arm-none-eabi/lib/thumb/v7e-m\libc_nano.a(lib_a-printf.o) (__sinit)
c:/program files (x86)/atmel/studio/7.0/toolchain/arm/arm-gnu-toolchain/bin/../lib/gcc/arm-none-eabi/6.3.1/../../../../arm-none-eabi/lib/thumb/v7e-m\libc_nano.a(lib_a-fwalk.o)
                              c:/program files (x86)/atmel/studio/7.0/toolchain/arm/arm-gnu-toolchain/bin/../lib/gcc/arm-none-eabi/6.3.1/../../../../arm-none-eabi/lib/thumb/v7e-m\libc_nano.a(lib_a-findfp.o) (_fwalk)
c:/program files (x86)/atmel/studio/7.0/toolchain/arm/arm-gnu-toolchain/bin/../lib/gcc/arm-none-eabi/6.3.1/../../../../arm-none-eabi/lib/thumb/v7e-m\libc_nano.a(lib_a-nano-mallocr.o)
                              c:/program files (x86)/atmel/studio/7.0/toolchain/arm/arm-gnu-toolchain/bin/../lib/gcc/arm-none-eabi/6.3.1/../../../../arm-none-eabi/lib/thumb/v7e-m\libc_nano.a(lib_a-findfp.o) (_malloc_r)
c:/program files (x86)/atmel/studio/7.0/toolchain/arm/arm-gnu-toolchain/bin/../lib/gcc/arm-none-eabi/6.3.1/../../../../arm-none-eabi/lib/thumb/v7e-m\libc_nano.a(lib_a-nano-vfprintf.o)
                              c:/program files (x86)/atmel/studio/7.0/toolchain/arm/arm-gnu-toolchain/bin/../lib/gcc/arm-none-eabi/6.3.1/../../../../arm-none-eabi/lib/thumb/v7e-m\libc_nano.a(lib_a-printf.o) (_vfprintf_r)
c:/program files (x86)/atmel/studio/7.0/toolchain/arm/arm-gnu-toolchain/bin/../lib/gcc/arm-none-eabi/6.3.1/../../../../arm-none-eabi/lib/thumb/v7e-m\libc_nano.a(lib_a-nano-vfprintf_i.o)
                              c:/program files (x86)/atmel/studio/7.0/toolchain/arm/arm-gnu-toolchain/bin/../lib/gcc/arm-none-eabi/6.3.1/../../../../arm-none-eabi/lib/thumb/v7e-m\libc_nano.a(lib_a-nano-vfprintf.o) (_printf_i)
c:/program files (x86)/atmel/studio/7.0/toolchain/arm/arm-gnu-toolchain/bin/../lib/gcc/arm-none-eabi/6.3.1/../../../../arm-none-eabi/lib/thumb/v7e-m\libc_nano.a(lib_a-sbrkr.o)
                              c:/program files (x86)/atmel/studio/7.0/toolchain/arm/arm-gnu-toolchain/bin/../lib/gcc/arm-none-eabi/6.3.1/../../../../arm-none-eabi/lib/thumb/v7e-m\libc_nano.a(lib_a-nano-mallocr.o) (_sbrk_r)
c:/program files (x86)/atmel/studio/7.0/toolchain/arm/arm-gnu-toolchain/bin/../lib/gcc/arm-none-eabi/6.3.1/../../../../arm-none-eabi/lib/thumb/v7e-m\libc_nano.a(lib_a-stdio.o)
                              c:/program files (x86)/atmel/studio/7.0/toolchain/arm/arm-gnu-toolchain/bin/../lib/gcc/arm-none-eabi/6.3.1/../../../../arm-none-eabi/lib/thumb/v7e-m\libc_nano.a(lib_a-findfp.o) (__sread)
[...]
Memory Configuration

Name             Origin             Length             Attributes
rom              0x00400000         0x00200000         xr
ram              0x20400000         0x00060000         xrw
*default*        0x00000000         0xffffffff

Linker script and memory map

LOAD c:/program files (x86)/atmel/studio/7.0/toolchain/arm/arm-gnu-toolchain/bin/../lib/gcc/arm-none-eabi/6.3.1/thumb/v7e-m/crti.o
LOAD c:/program files (x86)/atmel/studio/7.0/toolchain/arm/arm-gnu-toolchain/bin/../lib/gcc/arm-none-eabi/6.3.1/thumb/v7e-m/crtbegin.o
LOAD c:/program files (x86)/atmel/studio/7.0/toolchain/arm/arm-gnu-toolchain/bin/../lib/gcc/arm-none-eabi/6.3.1/../../../../arm-none-eabi/lib/thumb/v7e-m/crt0.o
LOAD atmel_start.o
LOAD Device_Startup/startup_samv71q21b.o
LOAD Device_Startup/system_samv71q21b.o
LOAD driver_init.o
LOAD main.o
LOAD examples/driver_examples.o
LOAD hal/src/hal_atomic.o
LOAD hal/src/hal_delay.o
LOAD hal/src/hal_gpio.o
LOAD hal/src/hal_init.o
LOAD hal/src/hal_io.o
LOAD hal/src/hal_sleep.o
LOAD hal/src/hal_timer.o
LOAD hal/src/hal_usart_async.o
LOAD hal/utils/src/utils_assert.o
LOAD hal/utils/src/utils_event.o
LOAD hal/utils/src/utils_list.o
LOAD hal/utils/src/utils_ringbuffer.o
LOAD hal/utils/src/utils_syscalls.o
LOAD hpl/core/hpl_core_m7_base.o
LOAD hpl/core/hpl_init.o
LOAD hpl/pmc/hpl_pmc.o
LOAD hpl/pmc/hpl_sleep.o
LOAD hpl/tc/hpl_tc.o
LOAD hpl/usart/hpl_usart.o
LOAD hpl/xdmac/hpl_xdmac.o
START GROUP
LOAD c:/program files (x86)/atmel/studio/7.0/toolchain/arm/arm-gnu-toolchain/bin/../lib/gcc/arm-none-eabi/6.3.1/../../../../arm-none-eabi/lib/thumb/v7e-m\libm.a
END GROUP
START GROUP
LOAD c:/program files (x86)/atmel/studio/7.0/toolchain/arm/arm-gnu-toolchain/bin/../lib/gcc/arm-none-eabi/6.3.1/thumb/v7e-m\libgcc.a
LOAD c:/program files (x86)/atmel/studio/7.0/toolchain/arm/arm-gnu-toolchain/bin/../lib/gcc/arm-none-eabi/6.3.1/../../../../arm-none-eabi/lib/thumb/v7e-m\libc_nano.a
END GROUP
START GROUP
LOAD c:/program files (x86)/atmel/studio/7.0/toolchain/arm/arm-gnu-toolchain/bin/../lib/gcc/arm-none-eabi/6.3.1/thumb/v7e-m\libgcc.a
LOAD c:/program files (x86)/atmel/studio/7.0/toolchain/arm/arm-gnu-toolchain/bin/../lib/gcc/arm-none-eabi/6.3.1/../../../../arm-none-eabi/lib/thumb/v7e-m\libc_nano.a
END GROUP
LOAD c:/program files (x86)/atmel/studio/7.0/toolchain/arm/arm-gnu-toolchain/bin/../lib/gcc/arm-none-eabi/6.3.1/thumb/v7e-m/crtend.o
LOAD c:/program files (x86)/atmel/studio/7.0/toolchain/arm/arm-gnu-toolchain/bin/../lib/gcc/arm-none-eabi/6.3.1/thumb/v7e-m/crtn.o
                0x00000400                STACK_SIZE = DEFINED (STACK_SIZE)?STACK_SIZE:DEFINED (__stack_size__)?__stack_size__:0x400
                0x00000200                HEAP_SIZE = DEFINED (HEAP_SIZE)?HEAP_SIZE:DEFINED (__heap_size__)?__heap_size__:0x200

.text           0x00400000     0x12d4
                0x00400000                . = ALIGN (0x4)
                0x00400000                _sfixed = .
 *(.vectors .vectors.*)
 .vectors       0x00400000      0x168 Device_Startup/startup_samv71q21b.o
                0x00400000                exception_table
 *(.text .text.* .gnu.linkonce.t.*)
 .text          0x00400168       0x6c c:/program files (x86)/atmel/studio/7.0/toolchain/arm/arm-gnu-toolchain/bin/../lib/gcc/arm-none-eabi/6.3.1/thumb/v7e-m/crtbegin.o
 .text.atmel_start_init
                0x004001d4        0xc atmel_start.o
                0x004001d4                atmel_start_init
 .text.Dummy_Handler
                0x004001e0        0x2 Device_Startup/startup_samv71q21b.o
                0x004001e0                DACC_Handler
                0x004001e0                SVCall_Handler
                0x004001e0                UART3_Handler
                0x004001e0                UART2_Handler
                0x004001e0                TRNG_Handler
                0x004001e0                HardFault_Handler
                0x004001e0                TC2_Handler
                0x004001e0                SysTick_Handler
                0x004001e0                AFEC1_Handler
                0x004001e0                PendSV_Handler
                0x004001e0                TC7_Handler
                0x004001e0                QSPI_Handler
                0x004001e0                NonMaskableInt_Handler
                0x004001e0                ISI_Handler
                0x004001e0                MCAN0_INT0_Handler
                0x004001e0                TC9_Handler
                0x004001e0                RSWDT_Handler
                0x004001e0                USART0_Handler
                0x004001e0                RTT_Handler
                0x004001e0                USBHS_Handler
                0x004001e0                IXC_Handler
                0x004001e0                CCF_Handler
                0x004001e0                PIOB_Handler
                0x004001e0                RTC_Handler
                0x004001e0                UsageFault_Handler
                0x004001e0                TC6_Handler
                0x004001e0                WDT_Handler
                0x004001e0                MCAN1_INT1_Handler
                0x004001e0                TC4_Handler
                0x004001e0                TC1_Handler
                0x004001e0                HSMCI_Handler
                0x004001e0                UART1_Handler
                0x004001e0                TC3_Handler
                0x004001e0                Dummy_Handler
                0x004001e0                TWIHS1_Handler
                0x004001e0                XDMAC_Handler
                0x004001e0                UART4_Handler
                0x004001e0                PWM1_Handler
                0x004001e0                PWM0_Handler
                0x004001e0                PIOA_Handler
                0x004001e0                AFEC0_Handler
                0x004001e0                CCW_Handler
                0x004001e0                SSC_Handler
                0x004001e0                TC11_Handler
                0x004001e0                ACC_Handler
                0x004001e0                PMC_Handler
                0x004001e0                GMAC_Handler
                0x004001e0                MCAN0_INT1_Handler
                0x004001e0                GMAC_Q5_Handler
                0x004001e0                SUPC_Handler
                0x004001e0                TC8_Handler
                0x004001e0                MCAN1_INT0_Handler
                0x004001e0                EFC_Handler
                0x004001e0                GMAC_Q1_Handler
                0x004001e0                USART2_Handler
                0x004001e0                SDRAMC_Handler
                0x004001e0                GMAC_Q2_Handler
                0x004001e0                PIOE_Handler
                0x004001e0                SPI1_Handler
                0x004001e0                TC10_Handler
                0x004001e0                GMAC_Q3_Handler
                0x004001e0                PIOD_Handler
                0x004001e0                TWIHS2_Handler
                0x004001e0                MLB_Handler
                0x004001e0                I2SC0_Handler
                0x004001e0                UART0_Handler
                0x004001e0                I2SC1_Handler
                0x004001e0                PIOC_Handler
                0x004001e0                GMAC_Q4_Handler
                0x004001e0                FPU_Handler
                0x004001e0                BusFault_Handler
                0x004001e0                RSTC_Handler
                0x004001e0                MemoryManagement_Handler
                0x004001e0                DebugMonitor_Handler
                0x004001e0                TC5_Handler
                0x004001e0                ICM_Handler
                0x004001e0                AES_Handler
                0x004001e0                TWIHS0_Handler
                0x004001e0                SPI0_Handler
 *fill*         0x004001e2        0x2 
 .text.Reset_Handler
                0x004001e4       0x68 Device_Startup/startup_samv71q21b.o
                0x004001e4                Reset_Handler
 .text.TIMER_0_init
                0x0040024c       0x38 driver_init.o
 .text.EDBG_COM_CLOCK_init
                0x00400284       0x18 driver_init.o
                0x00400284                EDBG_COM_CLOCK_init
 .text.EDBG_COM_PORT_init
                0x0040029c       0x4c driver_init.o
                0x0040029c                EDBG_COM_PORT_init
 .text.EDBG_COM_init
                0x004002e8       0x40 driver_init.o
                0x004002e8                EDBG_COM_init
 .text.system_init
                0x00400328       0x50 driver_init.o
                0x00400328                system_init
 .text.tx_cb_EDBG_COM
                0x00400378       0x18 main.o
 .text.rx_cb_EDBG_COM
                0x00400390        0xc main.o
 .text.TIMER_0_task_cb
                0x0040039c       0x1c main.o
 .text.err_cb_EDBG_COM
                0x004003b8       0x1c main.o
 .text.put_char
                0x004003d4       0x38 main.o
                0x004003d4                put_char
 .text.print    0x0040040c       0x24 main.o
                0x0040040c                print
 .text.main     0x00400430       0xa4 main.o
                0x00400430                main
 .text.atomic_enter_critical
                0x004004d4        0xe hal/src/hal_atomic.o
                0x004004d4                atomic_enter_critical
 .text.atomic_leave_critical
                0x004004e2        0xc hal/src/hal_atomic.o
                0x004004e2                atomic_leave_critical
 *fill*         0x004004ee        0x2 
 .text.io_write
                0x004004f0       0x30 hal/src/hal_io.o
                0x004004f0                io_write
 .text.timer_add_timer_task
                0x00400520       0x50 hal/src/hal_timer.o
 .text.timer_process_counted
                0x00400570       0x68 hal/src/hal_timer.o
 .text.timer_init
                0x004005d8       0x3c hal/src/hal_timer.o
                0x004005d8                timer_init
 .text.timer_start
                0x00400614       0x3c hal/src/hal_timer.o
                0x00400614                timer_start
 .text.timer_add_task
                0x00400650       0xa8 hal/src/hal_timer.o
                0x00400650                timer_add_task
 .text.usart_transmission_complete
                0x004006f8       0x14 hal/src/hal_usart_async.o
 .text.usart_error
                0x0040070c       0x14 hal/src/hal_usart_async.o
 .text.usart_fill_rx_buffer
                0x00400720       0x1c hal/src/hal_usart_async.o
 .text.usart_async_write
                0x0040073c       0x60 hal/src/hal_usart_async.o
 .text.usart_process_byte_sent
                0x0040079c       0x34 hal/src/hal_usart_async.o
 .text.usart_async_read
                0x004007d0       0x7c hal/src/hal_usart_async.o
 .text.usart_async_init
                0x0040084c       0x94 hal/src/hal_usart_async.o
                0x0040084c                usart_async_init
 .text.usart_async_enable
                0x004008e0       0x2c hal/src/hal_usart_async.o
                0x004008e0                usart_async_enable
 .text.usart_async_register_callback
                0x0040090c       0x74 hal/src/hal_usart_async.o
                0x0040090c                usart_async_register_callback
 .text.usart_async_get_status
                0x00400980       0x4c hal/src/hal_usart_async.o
                0x00400980                usart_async_get_status
 .text.assert   0x004009cc        0x6 hal/utils/src/utils_assert.o
                0x004009cc                assert
 .text.is_list_element
                0x004009d2       0x14 hal/utils/src/utils_list.o
                0x004009d2                is_list_element
 *fill*         0x004009e6        0x2 
 .text.list_insert_as_head
                0x004009e8       0x2c hal/utils/src/utils_list.o
                0x004009e8                list_insert_as_head
 .text.list_insert_after
                0x00400a14        0x8 hal/utils/src/utils_list.o
                0x00400a14                list_insert_after
 .text.list_remove_head
                0x00400a1c       0x10 hal/utils/src/utils_list.o
                0x00400a1c                list_remove_head
 .text.ringbuffer_init
                0x00400a2c       0x44 hal/utils/src/utils_ringbuffer.o
                0x00400a2c                ringbuffer_init
 .text.ringbuffer_get
                0x00400a70       0x44 hal/utils/src/utils_ringbuffer.o
                0x00400a70                ringbuffer_get
 .text.ringbuffer_put
                0x00400ab4       0x40 hal/utils/src/utils_ringbuffer.o
                0x00400ab4                ringbuffer_put
 .text.ringbuffer_num
                0x00400af4       0x24 hal/utils/src/utils_ringbuffer.o
                0x00400af4                ringbuffer_num
 .text._irq_set
                0x00400b18       0x20 hpl/core/hpl_core_m7_base.o
                0x00400b18                _irq_set
 .text._init_chip
                0x00400b38       0x54 hpl/core/hpl_init.o
                0x00400b38                _init_chip
 .text._pmc_init_sources
                0x00400b8c       0x50 hpl/pmc/hpl_pmc.o
 .text._pmc_init_master_clock
                0x00400bdc       0x4c hpl/pmc/hpl_pmc.o
 .text._pmc_init
                0x00400c28       0x14 hpl/pmc/hpl_pmc.o
                0x00400c28                _pmc_init
 .text.get_cfg  0x00400c3c       0x38 hpl/tc/hpl_tc.o
 .text._tc_init_irq_param
                0x00400c74       0x18 hpl/tc/hpl_tc.o
 .text.tc_interrupt_handler
                0x00400c8c       0x14 hpl/tc/hpl_tc.o
 .text._timer_init
                0x00400ca0       0xbc hpl/tc/hpl_tc.o
                0x00400ca0                _timer_init
 .text._timer_start
                0x00400d5c        0x8 hpl/tc/hpl_tc.o
                0x00400d5c                _timer_start
 .text._timer_is_started
                0x00400d64        0xa hpl/tc/hpl_tc.o
                0x00400d64                _timer_is_started
 *fill*         0x00400d6e        0x2 
 .text._timer_set_irq
                0x00400d70       0x18 hpl/tc/hpl_tc.o
                0x00400d70                _timer_set_irq
 .text._tc_get_timer
                0x00400d88        0x4 hpl/tc/hpl_tc.o
                0x00400d88                _tc_get_timer
 .text.TC0_Handler
                0x00400d8c       0x14 hpl/tc/hpl_tc.o
                0x00400d8c                TC0_Handler
 .text._usart_init_irq_param
                0x00400da0       0x18 hpl/usart/hpl_usart.o
 .text._usart_get_hardware_index
                0x00400db8       0x2c hpl/usart/hpl_usart.o
 .text._get_usart_index
                0x00400de4       0x54 hpl/usart/hpl_usart.o
 .text._usart_init
                0x00400e38       0x68 hpl/usart/hpl_usart.o
 .text._usart_get_irq_num
                0x00400ea0       0x2c hpl/usart/hpl_usart.o
 .text._usart_interrupt_handler
                0x00400ecc       0xa4 hpl/usart/hpl_usart.o
 .text._usart_async_init
                0x00400f70       0xac hpl/usart/hpl_usart.o
                0x00400f70                _usart_async_init
 .text._usart_async_enable
                0x0040101c       0x34 hpl/usart/hpl_usart.o
                0x0040101c                _usart_async_enable
 .text._usart_async_write_byte
                0x00401050       0x24 hpl/usart/hpl_usart.o
                0x00401050                _usart_async_write_byte
 .text._usart_async_enable_byte_sent_irq
                0x00401074       0x24 hpl/usart/hpl_usart.o
                0x00401074                _usart_async_enable_byte_sent_irq
 .text._usart_async_enable_tx_done_irq
                0x00401098       0x28 hpl/usart/hpl_usart.o
                0x00401098                _usart_async_enable_tx_done_irq
 .text._usart_async_set_irq_state
                0x004010c0       0x88 hpl/usart/hpl_usart.o
                0x004010c0                _usart_async_set_irq_state
 .text._usart_get_usart_async
                0x00401148        0x4 hpl/usart/hpl_usart.o
                0x00401148                _usart_get_usart_async
 .text.USART1_Handler
                0x0040114c       0x14 hpl/usart/hpl_usart.o
                0x0040114c                USART1_Handler
 .text.__libc_init_array
                0x00401160       0x48 c:/program files (x86)/atmel/studio/7.0/toolchain/arm/arm-gnu-toolchain/bin/../lib/gcc/arm-none-eabi/6.3.1/../../../../arm-none-eabi/lib/thumb/v7e-m\libc_nano.a(lib_a-init.o)
                0x00401160                __libc_init_array
 .text          0x004011a8       0x10 c:/program files (x86)/atmel/studio/7.0/toolchain/arm/arm-gnu-toolchain/bin/../lib/gcc/arm-none-eabi/6.3.1/../../../../arm-none-eabi/lib/thumb/v7e-m\libc_nano.a(lib_a-strlen.o)
                0x004011a8                strlen
 *(.glue_7t)
 .glue_7t       0x004011b8        0x0 linker stubs
 *(.glue_7)
 .glue_7        0x004011b8        0x0 linker stubs
 *(.rodata .rodata* .gnu.linkonce.r.*)
 .rodata.str1.4
                0x004011b8       0x2d main.o
 *fill*         0x004011e5        0x3 
 .rodata.str1.4
                0x004011e8       0x14 hal/src/hal_io.o
 .rodata.str1.4
                0x004011fc       0x17 hal/src/hal_timer.o
 *fill*         0x00401213        0x1 
 .rodata.str1.4
                0x00401214       0x1d hal/src/hal_usart_async.o
 *fill*         0x00401231        0x3 
 .rodata.str1.4
                0x00401234       0x1e hal/utils/src/utils_list.o
 *fill*         0x00401252        0x2 
 .rodata.str1.4
                0x00401254       0x24 hal/utils/src/utils_ringbuffer.o
 .rodata.str1.4
                0x00401278       0x13 hpl/tc/hpl_tc.o
 *fill*         0x0040128b        0x1 
 .rodata        0x0040128c        0xc hpl/usart/hpl_usart.o
 .rodata.str1.4
                0x00401298       0x1c hpl/usart/hpl_usart.o
                                 0x19 (size before relaxing)
 *(.ARM.extab* .gnu.linkonce.armextab.*)
                0x004012b4                . = ALIGN (0x4)
 *(.init)
 .init          0x004012b4        0x4 c:/program files (x86)/atmel/studio/7.0/toolchain/arm/arm-gnu-toolchain/bin/../lib/gcc/arm-none-eabi/6.3.1/thumb/v7e-m/crti.o
                0x004012b4                _init
 .init          0x004012b8        0x8 c:/program files (x86)/atmel/studio/7.0/toolchain/arm/arm-gnu-toolchain/bin/../lib/gcc/arm-none-eabi/6.3.1/thumb/v7e-m/crtn.o
                0x004012c0                . = ALIGN (0x4)
                0x004012c0                __preinit_array_start = .
 *(.preinit_array)
                0x004012c0                __preinit_array_end = .
                0x004012c0                . = ALIGN (0x4)
                0x004012c0                __init_array_start = .
 *(SORT(.init_array.*))
 *(.init_array)
 .init_array    0x004012c0        0x4 c:/program files (x86)/atmel/studio/7.0/toolchain/arm/arm-gnu-toolchain/bin/../lib/gcc/arm-none-eabi/6.3.1/thumb/v7e-m/crtbegin.o
                0x004012c4                __init_array_end = .
                0x004012c4                . = ALIGN (0x4)
 *crtbegin.o(.ctors)
 *(EXCLUDE_FILE(*crtend.o) .ctors)
 *(SORT(.ctors.*))
 *crtend.o(.ctors)
                0x004012c4                . = ALIGN (0x4)
 *(.fini)
 .fini          0x004012c4        0x4 c:/program files (x86)/atmel/studio/7.0/toolchain/arm/arm-gnu-toolchain/bin/../lib/gcc/arm-none-eabi/6.3.1/thumb/v7e-m/crti.o
                0x004012c4                _fini
 .fini          0x004012c8        0x8 c:/program files (x86)/atmel/studio/7.0/toolchain/arm/arm-gnu-toolchain/bin/../lib/gcc/arm-none-eabi/6.3.1/thumb/v7e-m/crtn.o
                0x004012d0                . = ALIGN (0x4)
                0x004012d0                __fini_array_start = .
 *(.fini_array)
 .fini_array    0x004012d0        0x4 c:/program files (x86)/atmel/studio/7.0/toolchain/arm/arm-gnu-toolchain/bin/../lib/gcc/arm-none-eabi/6.3.1/thumb/v7e-m/crtbegin.o
 *(SORT(.fini_array.*))
                0x004012d4                __fini_array_end = .
 *crtbegin.o(.dtors)
 *(EXCLUDE_FILE(*crtend.o) .dtors)
 *(SORT(.dtors.*))
 *crtend.o(.dtors)
                0x004012d4                . = ALIGN (0x4)
                0x004012d4                _efixed = .
                [!provide]                PROVIDE (__exidx_start, .)

.vfp11_veneer   0x004012d4        0x0
 .vfp11_veneer  0x004012d4        0x0 linker stubs

.v4_bx          0x004012d4        0x0
 .v4_bx         0x004012d4        0x0 linker stubs

.iplt           0x004012d4        0x0
 .iplt          0x004012d4        0x0 c:/program files (x86)/atmel/studio/7.0/toolchain/arm/arm-gnu-toolchain/bin/../lib/gcc/arm-none-eabi/6.3.1/thumb/v7e-m/crtbegin.o

.eh_frame       0x004012d4        0x0
 .eh_frame      0x004012d4        0x0 c:/program files (x86)/atmel/studio/7.0/toolchain/arm/arm-gnu-toolchain/bin/../lib/gcc/arm-none-eabi/6.3.1/thumb/v7e-m/crtbegin.o

.rel.dyn        0x004012d4        0x0
 .rel.iplt      0x004012d4        0x0 c:/program files (x86)/atmel/studio/7.0/toolchain/arm/arm-gnu-toolchain/bin/../lib/gcc/arm-none-eabi/6.3.1/thumb/v7e-m/crtbegin.o

.jcr            0x004012d4        0x0
 .jcr           0x004012d4        0x0 c:/program files (x86)/atmel/studio/7.0/toolchain/arm/arm-gnu-toolchain/bin/../lib/gcc/arm-none-eabi/6.3.1/thumb/v7e-m/crtbegin.o

.igot.plt       0x004012d4        0x0
 .igot.plt      0x004012d4        0x0 c:/program files (x86)/atmel/studio/7.0/toolchain/arm/arm-gnu-toolchain/bin/../lib/gcc/arm-none-eabi/6.3.1/thumb/v7e-m/crtbegin.o

.ARM.exidx
 *(.ARM.exidx* .gnu.linkonce.armexidx.*)
                [!provide]                PROVIDE (__exidx_end, .)
                0x004012d4                . = ALIGN (0x4)
                0x004012d4                _etext = .

.relocate       0x20400000       0x34 load address 0x004012d4
                0x20400000                . = ALIGN (0x4)
                0x20400000                _srelocate = .
 *(.ramfunc .ramfunc.*)
 *(.data .data.*)
 .data          0x20400000        0xd main.o
 *fill*         0x2040000d        0x3 
 .data          0x20400010       0x24 hpl/tc/hpl_tc.o
                0x20400034                . = ALIGN (0x4)
                0x20400034                _erelocate = .

.bss            0x20400034       0xb8 load address 0x00401308
                0x20400034                . = ALIGN (0x4)
                0x20400034                _sbss = .
                0x20400034                _szero = .
 *(.bss .bss.*)
 .bss           0x20400034       0x1c c:/program files (x86)/atmel/studio/7.0/toolchain/arm/arm-gnu-toolchain/bin/../lib/gcc/arm-none-eabi/6.3.1/thumb/v7e-m/crtbegin.o
 .bss           0x20400050       0x10 driver_init.o
 .bss           0x20400060       0x18 main.o
 .bss           0x20400078        0x4 hpl/tc/hpl_tc.o
 .bss           0x2040007c        0x4 hpl/usart/hpl_usart.o
 *(COMMON)
 COMMON         0x20400080       0x6c driver_init.o
                0x20400080                EDBG_COM
                0x204000d0                TIMER_0
                0x204000ec                . = ALIGN (0x4)
                0x204000ec                _ebss = .
                0x204000ec                _ezero = .

.heap           0x204000ec      0x204 load address 0x004013c0
                0x204000f0                . = ALIGN (0x8)
 *fill*         0x204000ec        0x4 
                0x204000f0                _sheap = .
                0x204002f0                . = (. + HEAP_SIZE)
 *fill*         0x204000f0      0x200 
                0x204002f0                . = ALIGN (0x8)
                0x204002f0                _eheap = .

.stack          0x204002f0      0x400 load address 0x004015c4
                0x204002f0                . = ALIGN (0x8)
                0x204002f0                _sstack = .
                0x204006f0                . = (. + STACK_SIZE)
 *fill*         0x204002f0      0x400 
                0x204006f0                . = ALIGN (0x8)
                0x204006f0                _estack = .
                0x204006f0                . = ALIGN (0x4)
                0x204006f0                _end = .
                0x2045ffff                _ram_end_ = ((ORIGIN (ram) + LENGTH (ram)) - 0x1)
OUTPUT(ex4_interp_timer.elf elf32-littlearm)

.ARM.attributes
                0x00000000       0x2e
 .ARM.attributes
                0x00000000       0x1e c:/program files (x86)/atmel/studio/7.0/toolchain/arm/arm-gnu-toolchain/bin/../lib/gcc/arm-none-eabi/6.3.1/thumb/v7e-m/crti.o
 .ARM.attributes
                0x0000001e       0x2e c:/program files (x86)/atmel/studio/7.0/toolchain/arm/arm-gnu-toolchain/bin/../lib/gcc/arm-none-eabi/6.3.1/thumb/v7e-m/crtbegin.o
 .ARM.attributes
                0x0000004c       0x37 atmel_start.o
 .ARM.attributes
                0x00000083       0x37 Device_Startup/startup_samv71q21b.o
 .ARM.attributes
                0x000000ba       0x37 driver_init.o
 .ARM.attributes
                0x000000f1       0x37 main.o
 .ARM.attributes
                0x00000128       0x37 hal/src/hal_atomic.o
 .ARM.attributes
                0x0000015f       0x37 hal/src/hal_io.o
 .ARM.attributes
                0x00000196       0x37 hal/src/hal_timer.o
 .ARM.attributes
                0x000001cd       0x37 hal/src/hal_usart_async.o
 .ARM.attributes
                0x00000204       0x37 hal/utils/src/utils_assert.o
 .ARM.attributes
                0x0000023b       0x37 hal/utils/src/utils_list.o
 .ARM.attributes
                0x00000272       0x37 hal/utils/src/utils_ringbuffer.o
 .ARM.attributes
                0x000002a9       0x37 hpl/core/hpl_core_m7_base.o
 .ARM.attributes
                0x000002e0       0x37 hpl/core/hpl_init.o
 .ARM.attributes
                0x00000317       0x37 hpl/pmc/hpl_pmc.o
 .ARM.attributes
                0x0000034e       0x37 hpl/tc/hpl_tc.o
 .ARM.attributes
                0x00000385       0x37 hpl/usart/hpl_usart.o
 .ARM.attributes
                0x000003bc       0x2e c:/program files (x86)/atmel/studio/7.0/toolchain/arm/arm-gnu-toolchain/bin/../lib/gcc/arm-none-eabi/6.3.1/../../../../arm-none-eabi/lib/thumb/v7e-m\libc_nano.a(lib_a-init.o)
 .ARM.attributes
                0x000003ea       0x17 c:/program files (x86)/atmel/studio/7.0/toolchain/arm/arm-gnu-toolchain/bin/../lib/gcc/arm-none-eabi/6.3.1/../../../../arm-none-eabi/lib/thumb/v7e-m\libc_nano.a(lib_a-strlen.o)
 .ARM.attributes
                0x00000401       0x1e c:/program files (x86)/atmel/studio/7.0/toolchain/arm/arm-gnu-toolchain/bin/../lib/gcc/arm-none-eabi/6.3.1/thumb/v7e-m/crtn.o

.comment        0x00000000       0x59
 .comment       0x00000000       0x59 atmel_start.o
                                 0x5a (size before relaxing)
 .comment       0x00000059       0x5a Device_Startup/startup_samv71q21b.o
 .comment       0x00000059       0x5a driver_init.o
 .comment       0x00000059       0x5a main.o
 .comment       0x00000059       0x5a hal/src/hal_atomic.o
 .comment       0x00000059       0x5a hal/src/hal_io.o
 .comment       0x00000059       0x5a hal/src/hal_timer.o
 .comment       0x00000059       0x5a hal/src/hal_usart_async.o
 .comment       0x00000059       0x5a hal/utils/src/utils_assert.o
 .comment       0x00000059       0x5a hal/utils/src/utils_list.o
 .comment       0x00000059       0x5a hal/utils/src/utils_ringbuffer.o
 .comment       0x00000059       0x5a hpl/core/hpl_core_m7_base.o
 .comment       0x00000059       0x5a hpl/core/hpl_init.o
 .comment       0x00000059       0x5a hpl/pmc/hpl_pmc.o
 .comment       0x00000059       0x5a hpl/tc/hpl_tc.o
 .comment       0x00000059       0x5a hpl/usart/hpl_usart.o

.debug_info     0x00000000     0xdb94
 .debug_info    0x00000000      0x4e9 atmel_start.o
 .debug_info    0x000004e9      0xb34 Device_Startup/startup_samv71q21b.o
 .debug_info    0x0000101d     0x1e3c driver_init.o
 .debug_info    0x00002e59     0x1a3b main.o
 .debug_info    0x00004894      0x1fa hal/src/hal_atomic.o
 .debug_info    0x00004a8e      0x311 hal/src/hal_io.o
 .debug_info    0x00004d9f      0xc5c hal/src/hal_timer.o
 .debug_info    0x000059fb     0x1393 hal/src/hal_usart_async.o
 .debug_info    0x00006d8e      0x130 hal/utils/src/utils_assert.o
 .debug_info    0x00006ebe      0x33e hal/utils/src/utils_list.o
 .debug_info    0x000071fc      0x342 hal/utils/src/utils_ringbuffer.o
 .debug_info    0x0000753e      0xd99 hpl/core/hpl_core_m7_base.o
 .debug_info    0x000082d7      0x6be hpl/core/hpl_init.o
 .debug_info    0x00008995      0x894 hpl/pmc/hpl_pmc.o
 .debug_info    0x00009229     0x139c hpl/tc/hpl_tc.o
 .debug_info    0x0000a5c5     0x35cf hpl/usart/hpl_usart.o

.debug_abbrev   0x00000000     0x21f1
 .debug_abbrev  0x00000000       0xfb atmel_start.o
 .debug_abbrev  0x000000fb      0x153 Device_Startup/startup_samv71q21b.o
 .debug_abbrev  0x0000024e      0x311 driver_init.o
 .debug_abbrev  0x0000055f      0x3c8 main.o
 .debug_abbrev  0x00000927      0x155 hal/src/hal_atomic.o
 .debug_abbrev  0x00000a7c      0x12d hal/src/hal_io.o
 .debug_abbrev  0x00000ba9      0x232 hal/src/hal_timer.o
 .debug_abbrev  0x00000ddb      0x2a1 hal/src/hal_usart_async.o
 .debug_abbrev  0x0000107c       0x9e hal/utils/src/utils_assert.o
 .debug_abbrev  0x0000111a      0x186 hal/utils/src/utils_list.o
 .debug_abbrev  0x000012a0      0x10c hal/utils/src/utils_ringbuffer.o
 .debug_abbrev  0x000013ac      0x2b1 hpl/core/hpl_core_m7_base.o
 .debug_abbrev  0x0000165d      0x1e7 hpl/core/hpl_init.o
 .debug_abbrev  0x00001844      0x1b7 hpl/pmc/hpl_pmc.o
 .debug_abbrev  0x000019fb      0x38a hpl/tc/hpl_tc.o
 .debug_abbrev  0x00001d85      0x46c hpl/usart/hpl_usart.o

.debug_loc      0x00000000     0x4cd0
 .debug_loc     0x00000000       0x20 atmel_start.o
 .debug_loc     0x00000020       0x78 Device_Startup/startup_samv71q21b.o
 .debug_loc     0x00000098      0x33a driver_init.o
 .debug_loc     0x000003d2      0x334 main.o
 .debug_loc     0x00000706       0x13 hal/src/hal_atomic.o
 .debug_loc     0x00000719      0x132 hal/src/hal_io.o
 .debug_loc     0x0000084b      0x5fb hal/src/hal_timer.o
 .debug_loc     0x00000e46      0xd9a hal/src/hal_usart_async.o
 .debug_loc     0x00001be0      0x24b hal/utils/src/utils_list.o
 .debug_loc     0x00001e2b      0x278 hal/utils/src/utils_ringbuffer.o
 .debug_loc     0x000020a3      0x23a hpl/core/hpl_core_m7_base.o
 .debug_loc     0x000022dd       0x77 hpl/core/hpl_init.o
 .debug_loc     0x00002354      0x204 hpl/pmc/hpl_pmc.o
 .debug_loc     0x00002558      0x65b hpl/tc/hpl_tc.o
 .debug_loc     0x00002bb3     0x211d hpl/usart/hpl_usart.o

.debug_aranges  0x00000000      0x690
 .debug_aranges
                0x00000000       0x20 atmel_start.o
 .debug_aranges
                0x00000020       0x28 Device_Startup/startup_samv71q21b.o
 .debug_aranges
                0x00000048       0x48 driver_init.o
 .debug_aranges
                0x00000090       0x70 main.o
 .debug_aranges
                0x00000100       0x30 hal/src/hal_atomic.o
 .debug_aranges
                0x00000130       0x30 hal/src/hal_io.o
 .debug_aranges
                0x00000160       0x70 hal/src/hal_timer.o
 .debug_aranges
                0x000001d0       0xe0 hal/src/hal_usart_async.o
 .debug_aranges
                0x000002b0       0x20 hal/utils/src/utils_assert.o
 .debug_aranges
                0x000002d0       0x48 hal/utils/src/utils_list.o
 .debug_aranges
                0x00000318       0x40 hal/utils/src/utils_ringbuffer.o
 .debug_aranges
                0x00000358       0x80 hpl/core/hpl_core_m7_base.o
 .debug_aranges
                0x000003d8       0x20 hpl/core/hpl_init.o
 .debug_aranges
                0x000003f8       0x30 hpl/pmc/hpl_pmc.o
 .debug_aranges
                0x00000428       0x88 hpl/tc/hpl_tc.o
 .debug_aranges
                0x000004b0      0x1e0 hpl/usart/hpl_usart.o

.debug_ranges   0x00000000      0x5c0
 .debug_ranges  0x00000000       0x10 atmel_start.o
 .debug_ranges  0x00000010       0x18 Device_Startup/startup_samv71q21b.o
 .debug_ranges  0x00000028       0x38 driver_init.o
 .debug_ranges  0x00000060       0x60 main.o
 .debug_ranges  0x000000c0       0x20 hal/src/hal_atomic.o
 .debug_ranges  0x000000e0       0x20 hal/src/hal_io.o
 .debug_ranges  0x00000100       0x90 hal/src/hal_timer.o
 .debug_ranges  0x00000190       0xd0 hal/src/hal_usart_async.o
 .debug_ranges  0x00000260       0x10 hal/utils/src/utils_assert.o
 .debug_ranges  0x00000270       0x38 hal/utils/src/utils_list.o
 .debug_ranges  0x000002a8       0x30 hal/utils/src/utils_ringbuffer.o
 .debug_ranges  0x000002d8       0x70 hpl/core/hpl_core_m7_base.o
 .debug_ranges  0x00000348       0x10 hpl/core/hpl_init.o
 .debug_ranges  0x00000358       0x20 hpl/pmc/hpl_pmc.o
 .debug_ranges  0x00000378       0x78 hpl/tc/hpl_tc.o
 .debug_ranges  0x000003f0      0x1d0 hpl/usart/hpl_usart.o

.debug_macro    0x00000000    0x3c7aa
 .debug_macro   0x00000000      0x774 atmel_start.o
 .debug_macro   0x00000774      0x8b0 atmel_start.o
 .debug_macro   0x00001024      0x16d atmel_start.o
 .debug_macro   0x00001191       0x22 atmel_start.o
 .debug_macro   0x000011b3       0x87 atmel_start.o
 .debug_macro   0x0000123a       0x51 atmel_start.o
 .debug_macro   0x0000128b       0xef atmel_start.o
 .debug_macro   0x0000137a       0x6a atmel_start.o
 .debug_macro   0x000013e4      0x1df atmel_start.o
 .debug_macro   0x000015c3       0x22 atmel_start.o
 .debug_macro   0x000015e5       0xd7 atmel_start.o
 .debug_macro   0x000016bc       0x1c atmel_start.o
 .debug_macro   0x000016d8       0x22 atmel_start.o
 .debug_macro   0x000016fa       0xdf atmel_start.o
 .debug_macro   0x000017d9     0x12cd atmel_start.o
 .debug_macro   0x00002aa6      0x11f atmel_start.o
 .debug_macro   0x00002bc5       0x19 atmel_start.o
 .debug_macro   0x00002bde      0x3e2 atmel_start.o
 .debug_macro   0x00002fc0      0x5a9 atmel_start.o
 .debug_macro   0x00003569     0x1797 atmel_start.o
 .debug_macro   0x00004d00      0x3bb atmel_start.o
 .debug_macro   0x000050bb      0x830 atmel_start.o
 .debug_macro   0x000058eb      0x316 atmel_start.o
 .debug_macro   0x00005c01     0x269d atmel_start.o
 .debug_macro   0x0000829e       0x40 atmel_start.o
 .debug_macro   0x000082de     0x105e atmel_start.o
 .debug_macro   0x0000933c      0x60b atmel_start.o
 .debug_macro   0x00009947      0x555 atmel_start.o
 .debug_macro   0x00009e9c      0xb8f atmel_start.o
 .debug_macro   0x0000aa2b      0x62e atmel_start.o
 .debug_macro   0x0000b059     0x3ac9 atmel_start.o
 .debug_macro   0x0000eb22      0x6bf atmel_start.o
 .debug_macro   0x0000f1e1     0x83ff atmel_start.o
 .debug_macro   0x000175e0     0x326e atmel_start.o
 .debug_macro   0x0001a84e     0x24d0 atmel_start.o
 .debug_macro   0x0001cd1e      0x87f atmel_start.o
 .debug_macro   0x0001d59d      0x17d atmel_start.o
 .debug_macro   0x0001d71a      0x118 atmel_start.o
 .debug_macro   0x0001d832      0x909 atmel_start.o
 .debug_macro   0x0001e13b      0x125 atmel_start.o
 .debug_macro   0x0001e260      0x503 atmel_start.o
 .debug_macro   0x0001e763      0x3e0 atmel_start.o
 .debug_macro   0x0001eb43      0x709 atmel_start.o
 .debug_macro   0x0001f24c      0xb64 atmel_start.o
 .debug_macro   0x0001fdb0      0xf03 atmel_start.o
 .debug_macro   0x00020cb3      0xff2 atmel_start.o
 .debug_macro   0x00021ca5      0x1a8 atmel_start.o
 .debug_macro   0x00021e4d      0x124 atmel_start.o
 .debug_macro   0x00021f71      0xbc2 atmel_start.o
 .debug_macro   0x00022b33      0x5c5 atmel_start.o
 .debug_macro   0x000230f8     0x1afb atmel_start.o
 .debug_macro   0x00024bf3      0x664 atmel_start.o
 .debug_macro   0x00025257     0x41a7 atmel_start.o
 .debug_macro   0x000293fe      0x64f atmel_start.o
 .debug_macro   0x00029a4d       0xc4 atmel_start.o
 .debug_macro   0x00029b11      0x12d atmel_start.o
 .debug_macro   0x00029c3e     0x2a5f atmel_start.o
 .debug_macro   0x0002c69d       0x7c atmel_start.o
 .debug_macro   0x0002c719      0x14e atmel_start.o
 .debug_macro   0x0002c867       0xf4 atmel_start.o
 .debug_macro   0x0002c95b       0xf4 atmel_start.o
 .debug_macro   0x0002ca4f       0x16 atmel_start.o
 .debug_macro   0x0002ca65       0x7c atmel_start.o
 .debug_macro   0x0002cae1       0x40 atmel_start.o
 .debug_macro   0x0002cb21      0x623 atmel_start.o
 .debug_macro   0x0002d144       0x40 atmel_start.o
 .debug_macro   0x0002d184      0x7ce atmel_start.o
 .debug_macro   0x0002d952       0x6a atmel_start.o
 .debug_macro   0x0002d9bc       0x6a atmel_start.o
 .debug_macro   0x0002da26       0x88 atmel_start.o
 .debug_macro   0x0002daae       0xac atmel_start.o
 .debug_macro   0x0002db5a      0x142 atmel_start.o
 .debug_macro   0x0002dc9c      0x138 atmel_start.o
 .debug_macro   0x0002ddd4      0x138 atmel_start.o
 .debug_macro   0x0002df0c       0xee atmel_start.o
 .debug_macro   0x0002dffa      0x187 atmel_start.o
 .debug_macro   0x0002e181      0x180 atmel_start.o
 .debug_macro   0x0002e301      0x180 atmel_start.o
 .debug_macro   0x0002e481      0x180 atmel_start.o
 .debug_macro   0x0002e601      0x180 atmel_start.o
 .debug_macro   0x0002e781      0x121 atmel_start.o
 .debug_macro   0x0002e8a2      0x352 atmel_start.o
 .debug_macro   0x0002ebf4      0x352 atmel_start.o
 .debug_macro   0x0002ef46       0x82 atmel_start.o
 .debug_macro   0x0002efc8       0x22 atmel_start.o
 .debug_macro   0x0002efea       0x22 atmel_start.o
 .debug_macro   0x0002f00c       0x58 atmel_start.o
 .debug_macro   0x0002f064       0x28 atmel_start.o
 .debug_macro   0x0002f08c       0x64 atmel_start.o
 .debug_macro   0x0002f0f0       0x94 atmel_start.o
 .debug_macro   0x0002f184       0x7c atmel_start.o
 .debug_macro   0x0002f200       0x7c atmel_start.o
 .debug_macro   0x0002f27c       0x8e atmel_start.o
 .debug_macro   0x0002f30a       0x34 atmel_start.o
 .debug_macro   0x0002f33e      0x1a8 atmel_start.o
 .debug_macro   0x0002f4e6      0x1a8 atmel_start.o
 .debug_macro   0x0002f68e      0x1a8 atmel_start.o
 .debug_macro   0x0002f836      0x1a8 atmel_start.o
 .debug_macro   0x0002f9de       0x3a atmel_start.o
 .debug_macro   0x0002fa18       0x82 atmel_start.o
 .debug_macro   0x0002fa9a       0x82 atmel_start.o
 .debug_macro   0x0002fb1c       0x82 atmel_start.o
 .debug_macro   0x0002fb9e       0x70 atmel_start.o
 .debug_macro   0x0002fc0e       0x70 atmel_start.o
 .debug_macro   0x0002fc7e       0x70 atmel_start.o
 .debug_macro   0x0002fcee       0x70 atmel_start.o
 .debug_macro   0x0002fd5e       0x70 atmel_start.o
 .debug_macro   0x0002fdce       0xf4 atmel_start.o
 .debug_macro   0x0002fec2       0xf4 atmel_start.o
 .debug_macro   0x0002ffb6       0xf4 atmel_start.o
 .debug_macro   0x000300aa      0x71f atmel_start.o
 .debug_macro   0x000307c9       0x16 atmel_start.o
 .debug_macro   0x000307df       0x22 atmel_start.o
 .debug_macro   0x00030801      0x9bf atmel_start.o
 .debug_macro   0x000311c0      0x59f atmel_start.o
 .debug_macro   0x0003175f     0x2879 atmel_start.o
 .debug_macro   0x00033fd8      0x169 atmel_start.o
 .debug_macro   0x00034141       0x10 atmel_start.o
 .debug_macro   0x00034151       0x10 atmel_start.o
 .debug_macro   0x00034161       0x16 atmel_start.o
 .debug_macro   0x00034177       0x16 atmel_start.o
 .debug_macro   0x0003418d       0x16 atmel_start.o
 .debug_macro   0x000341a3       0x16 atmel_start.o
 .debug_macro   0x000341b9       0x16 atmel_start.o
 .debug_macro   0x000341cf       0x16 atmel_start.o
 .debug_macro   0x000341e5       0x16 atmel_start.o
 .debug_macro   0x000341fb       0x16 atmel_start.o
 .debug_macro   0x00034211       0x16 atmel_start.o
 .debug_macro   0x00034227       0x16 atmel_start.o
 .debug_macro   0x0003423d       0x16 atmel_start.o
 .debug_macro   0x00034253       0x16 atmel_start.o
 .debug_macro   0x00034269       0x16 atmel_start.o
 .debug_macro   0x0003427f       0x16 atmel_start.o
 .debug_macro   0x00034295       0x16 atmel_start.o
 .debug_macro   0x000342ab       0x16 atmel_start.o
 .debug_macro   0x000342c1       0x16 atmel_start.o
 .debug_macro   0x000342d7       0x16 atmel_start.o
 .debug_macro   0x000342ed       0x16 atmel_start.o
 .debug_macro   0x00034303       0x16 atmel_start.o
 .debug_macro   0x00034319       0x16 atmel_start.o
 .debug_macro   0x0003432f       0x16 atmel_start.o
 .debug_macro   0x00034345       0x16 atmel_start.o
 .debug_macro   0x0003435b       0x16 atmel_start.o
 .debug_macro   0x00034371       0x16 atmel_start.o
 .debug_macro   0x00034387       0x16 atmel_start.o
 .debug_macro   0x0003439d       0x16 atmel_start.o
 .debug_macro   0x000343b3      0x27e atmel_start.o
 .debug_macro   0x00034631       0x16 atmel_start.o
 .debug_macro   0x00034647       0x16 atmel_start.o
 .debug_macro   0x0003465d       0x16 atmel_start.o
 .debug_macro   0x00034673      0x373 atmel_start.o
 .debug_macro   0x000349e6       0xa9 atmel_start.o
 .debug_macro   0x00034a8f       0x16 atmel_start.o
 .debug_macro   0x00034aa5       0x16 atmel_start.o
 .debug_macro   0x00034abb       0x16 atmel_start.o
 .debug_macro   0x00034ad1       0xca atmel_start.o
 .debug_macro   0x00034b9b       0x1c atmel_start.o
 .debug_macro   0x00034bb7       0x16 atmel_start.o
 .debug_macro   0x00034bcd       0x2e atmel_start.o
 .debug_macro   0x00034bfb      0x49c Device_Startup/startup_samv71q21b.o
 .debug_macro   0x00035097       0xd1 Device_Startup/startup_samv71q21b.o
 .debug_macro   0x00035168      0x7be driver_init.o
 .debug_macro   0x00035926       0x10 driver_init.o
 .debug_macro   0x00035936       0x4c driver_init.o
 .debug_macro   0x00035982       0xc9 driver_init.o
 .debug_macro   0x00035a4b      0x835 main.o
 .debug_macro   0x00036280       0x58 main.o
 .debug_macro   0x000362d8       0x35 main.o
 .debug_macro   0x0003630d       0x9c main.o
 .debug_macro   0x000363a9       0x58 main.o
 .debug_macro   0x00036401       0x1f main.o
 .debug_macro   0x00036420       0x43 main.o
 .debug_macro   0x00036463       0x20 main.o
 .debug_macro   0x00036483      0x187 main.o
 .debug_macro   0x0003660a      0x34d main.o
 .debug_macro   0x00036957       0x10 main.o
 .debug_macro   0x00036967       0x35 main.o
 .debug_macro   0x0003699c      0x669 hal/src/hal_atomic.o
 .debug_macro   0x00037005      0x67e hal/src/hal_io.o
 .debug_macro   0x00037683      0x6b5 hal/src/hal_timer.o
 .debug_macro   0x00037d38      0x6cd hal/src/hal_usart_async.o
 .debug_macro   0x00038405      0x673 hal/utils/src/utils_assert.o
 .debug_macro   0x00038a78       0x10 hal/utils/src/utils_assert.o
 .debug_macro   0x00038a88      0x678 hal/utils/src/utils_list.o
 .debug_macro   0x00039100      0x678 hal/utils/src/utils_ringbuffer.o
 .debug_macro   0x00039778      0x6c9 hpl/core/hpl_core_m7_base.o
 .debug_macro   0x00039e41      0x6e1 hpl/core/hpl_init.o
 .debug_macro   0x0003a522      0x324 hpl/core/hpl_init.o
 .debug_macro   0x0003a846      0x9df hpl/core/hpl_init.o
 .debug_macro   0x0003b225      0x692 hpl/pmc/hpl_pmc.o
 .debug_macro   0x0003b8b7      0x6ea hpl/tc/hpl_tc.o
 .debug_macro   0x0003bfa1       0x10 hpl/tc/hpl_tc.o
 .debug_macro   0x0003bfb1       0x81 hpl/tc/hpl_tc.o
 .debug_macro   0x0003c032      0x6d9 hpl/usart/hpl_usart.o
 .debug_macro   0x0003c70b       0x9f hpl/usart/hpl_usart.o

.debug_line     0x00000000     0xdb62
 .debug_line    0x00000000      0xda6 atmel_start.o
 .debug_line    0x00000da6      0x900 Device_Startup/startup_samv71q21b.o
 .debug_line    0x000016a6      0xef7 driver_init.o
 .debug_line    0x0000259d      0xf2f main.o
 .debug_line    0x000034cc      0xc78 hal/src/hal_atomic.o
 .debug_line    0x00004144      0xc70 hal/src/hal_io.o
 .debug_line    0x00004db4      0xdbd hal/src/hal_timer.o
 .debug_line    0x00005b71      0xf14 hal/src/hal_usart_async.o
 .debug_line    0x00006a85      0xc4d hal/utils/src/utils_assert.o
 .debug_line    0x000076d2      0xce5 hal/utils/src/utils_list.o
 .debug_line    0x000083b7      0xcd6 hal/utils/src/utils_ringbuffer.o
 .debug_line    0x0000908d      0xdf5 hpl/core/hpl_core_m7_base.o
 .debug_line    0x00009e82      0xd33 hpl/core/hpl_init.o
 .debug_line    0x0000abb5      0xd3e hpl/pmc/hpl_pmc.o
 .debug_line    0x0000b8f3      0xe7a hpl/tc/hpl_tc.o
 .debug_line    0x0000c76d     0x13f5 hpl/usart/hpl_usart.o

.debug_str      0x00000000   0x1446b3
 .debug_str     0x00000000   0x13a2fb atmel_start.o
                             0x13acdb (size before relaxing)
 .debug_str     0x0013a2fb      0x78d Device_Startup/startup_samv71q21b.o
                             0x1353d8 (size before relaxing)
 .debug_str     0x0013aa88     0x10a6 driver_init.o
                             0x13bdcb (size before relaxing)
 .debug_str     0x0013bb2e     0x2e32 main.o
                             0x13dee3 (size before relaxing)
 .debug_str     0x0013e960       0xb7 hal/src/hal_atomic.o
                             0x13a790 (size before relaxing)
 .debug_str     0x0013ea17       0x2a hal/src/hal_io.o
                             0x13a82b (size before relaxing)
 .debug_str     0x0013ea41      0x263 hal/src/hal_timer.o
                             0x13b0bd (size before relaxing)
 .debug_str     0x0013eca4      0x63b hal/src/hal_usart_async.o
                             0x13b695 (size before relaxing)
 .debug_str     0x0013f2df       0x2a hal/utils/src/utils_assert.o
                             0x13a7a0 (size before relaxing)
 .debug_str     0x0013f309       0x31 hal/utils/src/utils_list.o
                             0x13a84a (size before relaxing)
 .debug_str     0x0013f33a       0x24 hal/utils/src/utils_ringbuffer.o
                             0x13a834 (size before relaxing)
 .debug_str     0x0013f35e      0x620 hpl/core/hpl_core_m7_base.o
                             0x13b5df (size before relaxing)
 .debug_str     0x0013f97e     0x306a hpl/core/hpl_init.o
                             0x13dbf0 (size before relaxing)
 .debug_str     0x001429e8      0x1d6 hpl/pmc/hpl_pmc.o
                             0x13b820 (size before relaxing)
 .debug_str     0x00142bbe      0x8a1 hpl/tc/hpl_tc.o
                             0x13bcf5 (size before relaxing)
 .debug_str     0x0014345f     0x1254 hpl/usart/hpl_usart.o
                             0x13cad5 (size before relaxing)

.debug_frame    0x00000000     0x1074
 .debug_frame   0x00000000       0x28 atmel_start.o
 .debug_frame   0x00000028       0x38 Device_Startup/startup_samv71q21b.o
 .debug_frame   0x00000060       0x90 driver_init.o
 .debug_frame   0x000000f0      0x11c main.o
 .debug_frame   0x0000020c       0x40 hal/src/hal_atomic.o
 .debug_frame   0x0000024c       0x58 hal/src/hal_io.o
 .debug_frame   0x000002a4      0x144 hal/src/hal_timer.o
 .debug_frame   0x000003e8      0x2ac hal/src/hal_usart_async.o
 .debug_frame   0x00000694       0x20 hal/utils/src/utils_assert.o
 .debug_frame   0x000006b4       0x98 hal/utils/src/utils_list.o
 .debug_frame   0x0000074c       0x94 hal/utils/src/utils_ringbuffer.o
 .debug_frame   0x000007e0       0xec hpl/core/hpl_core_m7_base.o
 .debug_frame   0x000008cc       0x2c hpl/core/hpl_init.o
 .debug_frame   0x000008f8       0x48 hpl/pmc/hpl_pmc.o
 .debug_frame   0x00000940      0x134 hpl/tc/hpl_tc.o
 .debug_frame   0x00000a74      0x5d4 hpl/usart/hpl_usart.o
 .debug_frame   0x00001048       0x2c c:/program files (x86)/atmel/studio/7.0/toolchain/arm/arm-gnu-toolchain/bin/../lib/gcc/arm-none-eabi/6.3.1/../../../../arm-none-eabi/lib/thumb/v7e-m\libc_nano.a(lib_a-init.o)
